12.263: [GC [PSYoungGen: 113664K->13693K(132096K)] 113664K->13701K(432128K), 0.0154710 secs] [Times: user=0.02 sys=0.01, real=0.01 secs] 
14.038: [GC [PSYoungGen: 127357K->10980K(132096K)] 127365K->11060K(432128K), 0.0115790 secs] [Times: user=0.02 sys=0.01, real=0.02 secs] 
2016-10-01 06:55:45 Running Dag: dag_1475271333482_0069_1
22.364: [GC [PSYoungGen: 124644K->18400K(132096K)] 124724K->19993K(432128K), 0.0182860 secs] [Times: user=0.03 sys=0.00, real=0.02 secs] 
47.813: [GC [PSYoungGen: 132064K->16039K(132096K)] 133657K->17632K(432128K), 0.0293720 secs] [Times: user=0.04 sys=0.00, real=0.03 secs] 
83.367: [GC [PSYoungGen: 129703K->13613K(124928K)] 131296K->15214K(424960K), 0.0189430 secs] [Times: user=0.04 sys=0.00, real=0.02 secs] 
2016-10-01 06:57:00 Completed Dag: dag_1475271333482_0069_1
Heap
 PSYoungGen      total 124928K, used 32566K [0x00000000dde00000, 0x00000000e7180000, 0x0000000100000000)
  eden space 111104K, 17% used [0x00000000dde00000,0x00000000df082620,0x00000000e4a80000)
  from space 13824K, 98% used [0x00000000e4d00000,0x00000000e5a4b5b8,0x00000000e5a80000)
  to   space 19968K, 0% used [0x00000000e5e00000,0x00000000e5e00000,0x00000000e7180000)
 ParOldGen       total 300032K, used 1601K [0x0000000099a00000, 0x00000000abf00000, 0x00000000dde00000)
  object space 300032K, 0% used [0x0000000099a00000,0x0000000099b90480,0x00000000abf00000)
 PSPermGen       total 87040K, used 40598K [0x000000008f400000, 0x0000000094900000, 0x0000000099a00000)
  object space 87040K, 46% used [0x000000008f400000,0x0000000091ba5a88,0x0000000094900000)
