9.395: [GC [PSYoungGen: 113664K->13741K(132096K)] 113664K->13813K(432128K), 0.0155830 secs] [Times: user=0.03 sys=0.00, real=0.01 secs] 
11.665: [GC [PSYoungGen: 127405K->11536K(132096K)] 127477K->11616K(432128K), 0.0130400 secs] [Times: user=0.04 sys=0.00, real=0.01 secs] 
2016-10-02 10:07:57 Running Dag: dag_1475401111718_0010_1
19.939: [GC [PSYoungGen: 125200K->18418K(132096K)] 125280K->19970K(432128K), 0.0169420 secs] [Times: user=0.04 sys=0.00, real=0.02 secs] 
44.406: [GC [PSYoungGen: 132082K->17056K(132096K)] 133634K->18607K(432128K), 0.0311650 secs] [Times: user=0.04 sys=0.00, real=0.03 secs] 
2016-10-02 10:08:36 Completed Dag: dag_1475401111718_0010_1
Heap
 PSYoungGen      total 132096K, used 60827K [0x00000000dde00000, 0x00000000e7100000, 0x0000000100000000)
  eden space 113664K, 38% used [0x00000000dde00000,0x00000000e08beaf8,0x00000000e4d00000)
  from space 18432K, 92% used [0x00000000e5f00000,0x00000000e6fa81c0,0x00000000e7100000)
  to   space 18432K, 0% used [0x00000000e4d00000,0x00000000e4d00000,0x00000000e5f00000)
 ParOldGen       total 300032K, used 1551K [0x0000000099a00000, 0x00000000abf00000, 0x00000000dde00000)
  object space 300032K, 0% used [0x0000000099a00000,0x0000000099b83e00,0x00000000abf00000)
 PSPermGen       total 87040K, used 40926K [0x000000008f400000, 0x0000000094900000, 0x0000000099a00000)
  object space 87040K, 47% used [0x000000008f400000,0x0000000091bf7b90,0x0000000094900000)
