8.201: [GC [PSYoungGen: 113664K->12166K(132096K)] 113664K->12238K(432128K), 0.0128970 secs] [Times: user=0.02 sys=0.00, real=0.01 secs] 
10.376: [GC [PSYoungGen: 125830K->10223K(132096K)] 125902K->10303K(432128K), 0.0108430 secs] [Times: user=0.02 sys=0.01, real=0.01 secs] 
2016-10-02 10:12:31 Running Dag: dag_1475401111718_0013_1
16.229: [GC [PSYoungGen: 123887K->14988K(132096K)] 123967K->15076K(432128K), 0.0157150 secs] [Times: user=0.03 sys=0.00, real=0.01 secs] 
30.092: [GC [PSYoungGen: 128652K->18408K(132096K)] 128740K->19268K(432128K), 0.0203100 secs] [Times: user=0.05 sys=0.00, real=0.02 secs] 
2016-10-02 10:13:18 Completed Dag: dag_1475401111718_0013_1
Heap
 PSYoungGen      total 132096K, used 115088K [0x00000000dde00000, 0x00000000e7100000, 0x0000000100000000)
  eden space 113664K, 85% used [0x00000000dde00000,0x00000000e3c6a2c8,0x00000000e4d00000)
  from space 18432K, 99% used [0x00000000e5f00000,0x00000000e70fa090,0x00000000e7100000)
  to   space 18432K, 0% used [0x00000000e4d00000,0x00000000e4d00000,0x00000000e5f00000)
 ParOldGen       total 300032K, used 860K [0x0000000099a00000, 0x00000000abf00000, 0x00000000dde00000)
  object space 300032K, 0% used [0x0000000099a00000,0x0000000099ad7148,0x00000000abf00000)
 PSPermGen       total 87040K, used 40858K [0x000000008f400000, 0x0000000094900000, 0x0000000099a00000)
  object space 87040K, 46% used [0x000000008f400000,0x0000000091be68d8,0x0000000094900000)
