9.399: [GC [PSYoungGen: 113664K->12485K(132096K)] 113664K->12557K(432128K), 0.0136230 secs] [Times: user=0.03 sys=0.00, real=0.01 secs] 
11.546: [GC [PSYoungGen: 126149K->10135K(132096K)] 126221K->10215K(432128K), 0.0110030 secs] [Times: user=0.03 sys=0.01, real=0.01 secs] 
2016-10-02 10:09:26 Running Dag: dag_1475401111718_0011_1
18.084: [GC [PSYoungGen: 123799K->15311K(132096K)] 123879K->15399K(432128K), 0.0143440 secs] [Times: user=0.04 sys=0.00, real=0.01 secs] 
32.100: [GC [PSYoungGen: 128975K->18431K(132096K)] 129063K->18701K(432128K), 0.0186250 secs] [Times: user=0.04 sys=0.01, real=0.02 secs] 
2016-10-02 10:10:15 Completed Dag: dag_1475401111718_0011_1
Heap
 PSYoungGen      total 132096K, used 111418K [0x00000000dde00000, 0x00000000e7100000, 0x0000000100000000)
  eden space 113664K, 81% used [0x00000000dde00000,0x00000000e38ceca0,0x00000000e4d00000)
  from space 18432K, 99% used [0x00000000e5f00000,0x00000000e70ffdb8,0x00000000e7100000)
  to   space 18432K, 0% used [0x00000000e4d00000,0x00000000e4d00000,0x00000000e5f00000)
 ParOldGen       total 300032K, used 269K [0x0000000099a00000, 0x00000000abf00000, 0x00000000dde00000)
  object space 300032K, 0% used [0x0000000099a00000,0x0000000099a43700,0x00000000abf00000)
 PSPermGen       total 87040K, used 40842K [0x000000008f400000, 0x0000000094900000, 0x0000000099a00000)
  object space 87040K, 46% used [0x000000008f400000,0x0000000091be2aa0,0x0000000094900000)
