7.343: [GC [PSYoungGen: 113664K->13635K(132096K)] 113664K->13707K(432128K), 0.0169160 secs] [Times: user=0.02 sys=0.01, real=0.02 secs] 
9.070: [GC [PSYoungGen: 127299K->10965K(132096K)] 127371K->11045K(432128K), 0.0129940 secs] [Times: user=0.03 sys=0.00, real=0.01 secs] 
2016-10-01 09:26:39 Running Dag: dag_1475271333482_0134_1
15.304: [GC [PSYoungGen: 122514K->16341K(132096K)] 122594K->16429K(432128K), 0.0118760 secs] [Times: user=0.03 sys=0.00, real=0.01 secs] 
19.599: [GC [PSYoungGen: 130005K->18415K(132096K)] 130093K->19177K(432128K), 0.0262910 secs] [Times: user=0.05 sys=0.00, real=0.03 secs] 
60.165: [GC [PSYoungGen: 132079K->16435K(129536K)] 132841K->17205K(429568K), 0.0135190 secs] [Times: user=0.03 sys=0.01, real=0.02 secs] 
102.662: [GC [PSYoungGen: 127539K->16442K(126976K)] 128309K->17219K(427008K), 0.0395720 secs] [Times: user=0.05 sys=0.01, real=0.04 secs] 
140.968: [GC [PSYoungGen: 124986K->11993K(118272K)] 125763K->17615K(418304K), 0.0298130 secs] [Times: user=0.05 sys=0.00, real=0.03 secs] 
185.855: [GC [PSYoungGen: 117977K->4743K(124928K)] 123599K->17893K(424960K), 0.0109350 secs] [Times: user=0.02 sys=0.00, real=0.02 secs] 
226.887: [GC [PSYoungGen: 108679K->1396K(103424K)] 121829K->18055K(403456K), 0.0057300 secs] [Times: user=0.01 sys=0.00, real=0.00 secs] 
271.051: [GC [PSYoungGen: 103284K->706K(123392K)] 119943K->18223K(423424K), 0.0036640 secs] [Times: user=0.00 sys=0.00, real=0.00 secs] 
319.692: [GC [PSYoungGen: 100546K->368K(98304K)] 118063K->18363K(398336K), 0.0143950 secs] [Times: user=0.01 sys=0.00, real=0.02 secs] 
374.040: [GC [PSYoungGen: 98160K->256K(118784K)] 116155K->18443K(418816K), 0.0036920 secs] [Times: user=0.01 sys=0.00, real=0.00 secs] 
2016-10-01 09:33:09 Completed Dag: dag_1475271333482_0134_1
Heap
 PSYoungGen      total 118784K, used 57358K [0x00000000dde00000, 0x00000000e6c80000, 0x0000000100000000)
  eden space 95744K, 59% used [0x00000000dde00000,0x00000000e15c38c8,0x00000000e3b80000)
  from space 23040K, 1% used [0x00000000e5600000,0x00000000e5640060,0x00000000e6c80000)
  to   space 25088K, 0% used [0x00000000e3b80000,0x00000000e3b80000,0x00000000e5400000)
 ParOldGen       total 300032K, used 18187K [0x0000000099a00000, 0x00000000abf00000, 0x00000000dde00000)
  object space 300032K, 6% used [0x0000000099a00000,0x000000009abc2e90,0x00000000abf00000)
 PSPermGen       total 87040K, used 40211K [0x000000008f400000, 0x0000000094900000, 0x0000000099a00000)
  object space 87040K, 46% used [0x000000008f400000,0x0000000091b44d08,0x0000000094900000)
