10.456: [GC [PSYoungGen: 113664K->13871K(132096K)] 113664K->13943K(432128K), 0.0132000 secs] [Times: user=0.02 sys=0.01, real=0.02 secs] 
12.623: [GC [PSYoungGen: 127535K->10792K(132096K)] 127607K->10872K(432128K), 0.0141860 secs] [Times: user=0.02 sys=0.00, real=0.01 secs] 
2016-10-02 11:37:39 Running Dag: dag_1475401111718_0100_1
20.956: [GC [PSYoungGen: 124456K->18424K(132096K)] 124536K->19760K(432128K), 0.0221870 secs] [Times: user=0.05 sys=0.00, real=0.02 secs] 
46.853: [GC [PSYoungGen: 132088K->16342K(132096K)] 133424K->17686K(432128K), 0.0160290 secs] [Times: user=0.04 sys=0.00, real=0.02 secs] 
2016-10-02 11:38:40 Completed Dag: dag_1475401111718_0100_1
Heap
 PSYoungGen      total 132096K, used 119735K [0x00000000dde00000, 0x00000000e7100000, 0x0000000100000000)
  eden space 113664K, 90% used [0x00000000dde00000,0x00000000e42f8098,0x00000000e4d00000)
  from space 18432K, 88% used [0x00000000e5f00000,0x00000000e6ef5b68,0x00000000e7100000)
  to   space 18432K, 0% used [0x00000000e4d00000,0x00000000e4d00000,0x00000000e5f00000)
 ParOldGen       total 300032K, used 1343K [0x0000000099a00000, 0x00000000abf00000, 0x00000000dde00000)
  object space 300032K, 0% used [0x0000000099a00000,0x0000000099b4fff8,0x00000000abf00000)
 PSPermGen       total 87040K, used 40658K [0x000000008f400000, 0x0000000094900000, 0x0000000099a00000)
  object space 87040K, 46% used [0x000000008f400000,0x0000000091bb4bd0,0x0000000094900000)
