8.506: [GC [PSYoungGen: 113664K->13627K(132096K)] 113664K->13699K(432128K), 0.0134410 secs] [Times: user=0.02 sys=0.02, real=0.02 secs] 
10.341: [GC [PSYoungGen: 127291K->11090K(132096K)] 127363K->11170K(432128K), 0.0141200 secs] [Times: user=0.03 sys=0.01, real=0.01 secs] 
2016-10-02 13:22:34 Running Dag: dag_1475401111718_0190_1
18.108: [GC [PSYoungGen: 124754K->17334K(132096K)] 124834K->17414K(432128K), 0.0123980 secs] [Times: user=0.03 sys=0.00, real=0.02 secs] 
44.001: [GC [PSYoungGen: 130998K->16002K(132096K)] 131078K->16090K(432128K), 0.0401350 secs] [Times: user=0.04 sys=0.01, real=0.04 secs] 
86.893: [GC [PSYoungGen: 129666K->13521K(124928K)] 129754K->13617K(424960K), 0.0380570 secs] [Times: user=0.03 sys=0.00, real=0.04 secs] 
128.516: [GC [PSYoungGen: 124625K->14093K(123392K)] 124721K->14197K(423424K), 0.0190820 secs] [Times: user=0.03 sys=0.00, real=0.02 secs] 
256.212: [GC [PSYoungGen: 122637K->9271K(115712K)] 122741K->14211K(415744K), 0.0169260 secs] [Times: user=0.04 sys=0.00, real=0.02 secs] 
2016-10-02 13:27:58 Completed Dag: dag_1475401111718_0190_1
Heap
 PSYoungGen      total 115712K, used 60226K [0x00000000dde00000, 0x00000000e6980000, 0x0000000100000000)
  eden space 105984K, 48% used [0x00000000dde00000,0x00000000e0fc2d78,0x00000000e4580000)
  from space 9728K, 95% used [0x00000000e4800000,0x00000000e510dc00,0x00000000e5180000)
  to   space 18432K, 0% used [0x00000000e5780000,0x00000000e5780000,0x00000000e6980000)
 ParOldGen       total 300032K, used 4940K [0x0000000099a00000, 0x00000000abf00000, 0x00000000dde00000)
  object space 300032K, 1% used [0x0000000099a00000,0x0000000099ed3020,0x00000000abf00000)
 PSPermGen       total 87040K, used 39670K [0x000000008f400000, 0x0000000094900000, 0x0000000099a00000)
  object space 87040K, 45% used [0x000000008f400000,0x0000000091abd9c8,0x0000000094900000)
