7.067: [GC [PSYoungGen: 113664K->12147K(132096K)] 113664K->12155K(432128K), 0.0112810 secs] [Times: user=0.02 sys=0.00, real=0.01 secs] 
8.552: [GC [PSYoungGen: 125811K->9998K(132096K)] 125819K->10078K(432128K), 0.0122420 secs] [Times: user=0.02 sys=0.01, real=0.02 secs] 
2016-10-01 06:33:54 Running Dag: dag_1475271333482_0057_1
14.686: [GC [PSYoungGen: 123662K->16613K(132096K)] 123742K->16701K(432128K), 0.0138510 secs] [Times: user=0.03 sys=0.00, real=0.01 secs] 
27.372: [GC [PSYoungGen: 130277K->18337K(132096K)] 130365K->18433K(432128K), 0.1097550 secs] [Times: user=0.08 sys=0.00, real=0.12 secs] 
58.919: [GC [PSYoungGen: 131989K->13734K(124928K)] 132085K->13838K(424960K), 0.0115770 secs] [Times: user=0.03 sys=0.00, real=0.01 secs] 
2016-10-01 06:35:05 Completed Dag: dag_1475271333482_0057_1
Heap
 PSYoungGen      total 124928K, used 65877K [0x00000000dde00000, 0x00000000e7180000, 0x0000000100000000)
  eden space 111104K, 46% used [0x00000000dde00000,0x00000000e10ebe78,0x00000000e4a80000)
  from space 13824K, 99% used [0x00000000e4d00000,0x00000000e5a698e8,0x00000000e5a80000)
  to   space 19968K, 0% used [0x00000000e5e00000,0x00000000e5e00000,0x00000000e7180000)
 ParOldGen       total 300032K, used 104K [0x0000000099a00000, 0x00000000abf00000, 0x00000000dde00000)
  object space 300032K, 0% used [0x0000000099a00000,0x0000000099a1a010,0x00000000abf00000)
 PSPermGen       total 87040K, used 40596K [0x000000008f400000, 0x0000000094900000, 0x0000000099a00000)
  object space 87040K, 46% used [0x000000008f400000,0x0000000091ba53b8,0x0000000094900000)
