7.598: [GC [PSYoungGen: 113664K->12178K(132096K)] 113664K->12250K(432128K), 0.0141850 secs] [Times: user=0.02 sys=0.00, real=0.01 secs] 
9.521: [GC [PSYoungGen: 125842K->10325K(132096K)] 125914K->10405K(432128K), 0.0113210 secs] [Times: user=0.02 sys=0.00, real=0.01 secs] 
2016-10-01 07:17:21 Running Dag: dag_1475271333482_0081_1
15.023: [GC [PSYoungGen: 123989K->15205K(132096K)] 124069K->15293K(432128K), 0.0173270 secs] [Times: user=0.03 sys=0.00, real=0.02 secs] 
28.678: [GC [PSYoungGen: 128869K->18429K(132096K)] 128957K->18985K(432128K), 0.0195360 secs] [Times: user=0.04 sys=0.00, real=0.02 secs] 
2016-10-01 07:18:05 Completed Dag: dag_1475271333482_0081_1
Heap
 PSYoungGen      total 132096K, used 109010K [0x00000000dde00000, 0x00000000e7100000, 0x0000000100000000)
  eden space 113664K, 79% used [0x00000000dde00000,0x00000000e36753b8,0x00000000e4d00000)
  from space 18432K, 99% used [0x00000000e5f00000,0x00000000e70ff6d8,0x00000000e7100000)
  to   space 18432K, 0% used [0x00000000e4d00000,0x00000000e4d00000,0x00000000e5f00000)
 ParOldGen       total 300032K, used 555K [0x0000000099a00000, 0x00000000abf00000, 0x00000000dde00000)
  object space 300032K, 0% used [0x0000000099a00000,0x0000000099a8afd8,0x00000000abf00000)
 PSPermGen       total 87040K, used 40808K [0x000000008f400000, 0x0000000094900000, 0x0000000099a00000)
  object space 87040K, 46% used [0x000000008f400000,0x0000000091bda0a0,0x0000000094900000)
