7.189: [GC [PSYoungGen: 113664K->12277K(132096K)] 113664K->12285K(432128K), 0.0198850 secs] [Times: user=0.03 sys=0.00, real=0.02 secs] 
8.945: [GC [PSYoungGen: 125941K->10138K(132096K)] 125949K->10218K(432128K), 0.0115970 secs] [Times: user=0.03 sys=0.00, real=0.01 secs] 
2016-10-01 11:10:38 Running Dag: dag_1475271333482_0173_1
15.419: [GC [PSYoungGen: 122819K->18428K(132096K)] 122899K->19528K(432128K), 0.0125480 secs] [Times: user=0.04 sys=0.00, real=0.01 secs] 
17.920: [GC [PSYoungGen: 132092K->17066K(132096K)] 133192K->18166K(432128K), 0.0127210 secs] [Times: user=0.03 sys=0.00, real=0.01 secs] 
41.974: [GC [PSYoungGen: 130730K->16918K(129536K)] 131830K->18026K(429568K), 0.0470500 secs] [Times: user=0.04 sys=0.00, real=0.05 secs] 
96.400: [GC [PSYoungGen: 128022K->15366K(125952K)] 129130K->16481K(425984K), 0.0158830 secs] [Times: user=0.04 sys=0.00, real=0.02 secs] 
153.990: [GC [PSYoungGen: 123910K->10921K(117248K)] 125025K->16451K(417280K), 0.0168950 secs] [Times: user=0.03 sys=0.01, real=0.02 secs] 
198.274: [GC [PSYoungGen: 116905K->3943K(124928K)] 122435K->16907K(424960K), 0.0133630 secs] [Times: user=0.03 sys=0.00, real=0.01 secs] 
254.711: [GC [PSYoungGen: 107879K->1051K(103424K)] 120843K->16903K(403456K), 0.0050180 secs] [Times: user=0.01 sys=0.00, real=0.01 secs] 
304.129: [GC [PSYoungGen: 102939K->494K(123392K)] 118791K->17157K(423424K), 0.0059490 secs] [Times: user=0.00 sys=0.00, real=0.01 secs] 
352.258: [GC [PSYoungGen: 100334K->462K(98304K)] 116997K->17419K(398336K), 0.0034650 secs] [Times: user=0.00 sys=0.00, real=0.01 secs] 
406.284: [GC [PSYoungGen: 98254K->64K(118784K)] 115211K->17463K(418816K), 0.0031570 secs] [Times: user=0.01 sys=0.00, real=0.00 secs] 
510.150: [GC [PSYoungGen: 95808K->320K(94208K)] 113207K->17735K(394240K), 0.0029550 secs] [Times: user=0.00 sys=0.00, real=0.01 secs] 
2016-10-01 11:19:36 Completed Dag: dag_1475271333482_0173_1
Heap
 PSYoungGen      total 94208K, used 38066K [0x00000000dde00000, 0x00000000e6a80000, 0x0000000100000000)
  eden space 93696K, 40% used [0x00000000dde00000,0x00000000e02dc938,0x00000000e3980000)
  from space 512K, 62% used [0x00000000e3b80000,0x00000000e3bd0060,0x00000000e3c00000)
  to   space 25088K, 0% used [0x00000000e5200000,0x00000000e5200000,0x00000000e6a80000)
 ParOldGen       total 300032K, used 17415K [0x0000000099a00000, 0x00000000abf00000, 0x00000000dde00000)
  object space 300032K, 5% used [0x0000000099a00000,0x000000009ab01e70,0x00000000abf00000)
 PSPermGen       total 87040K, used 39935K [0x000000008f400000, 0x0000000094900000, 0x0000000099a00000)
  object space 87040K, 45% used [0x000000008f400000,0x0000000091affdb0,0x0000000094900000)
