8.298: [GC [PSYoungGen: 113664K->13667K(132096K)] 113664K->13675K(432128K), 0.0290970 secs] [Times: user=0.04 sys=0.01, real=0.03 secs] 
10.315: [GC [PSYoungGen: 127331K->11069K(132096K)] 127339K->11149K(432128K), 0.0132350 secs] [Times: user=0.03 sys=0.00, real=0.01 secs] 
2016-10-02 10:14:07 Running Dag: dag_1475401111718_0014_1
17.587: [GC [PSYoungGen: 124733K->18422K(132096K)] 124813K->18700K(432128K), 0.0137420 secs] [Times: user=0.04 sys=0.00, real=0.01 secs] 
40.279: [GC [PSYoungGen: 132086K->17316K(132096K)] 132364K->17602K(432128K), 0.0446390 secs] [Times: user=0.04 sys=0.01, real=0.05 secs] 
2016-10-02 10:14:46 Completed Dag: dag_1475401111718_0014_1
Heap
 PSYoungGen      total 132096K, used 68894K [0x00000000dde00000, 0x00000000e7100000, 0x0000000100000000)
  eden space 113664K, 45% used [0x00000000dde00000,0x00000000e105e778,0x00000000e4d00000)
  from space 18432K, 93% used [0x00000000e5f00000,0x00000000e6fe9298,0x00000000e7100000)
  to   space 18432K, 0% used [0x00000000e4d00000,0x00000000e4d00000,0x00000000e5f00000)
 ParOldGen       total 300032K, used 286K [0x0000000099a00000, 0x00000000abf00000, 0x00000000dde00000)
  object space 300032K, 0% used [0x0000000099a00000,0x0000000099a47890,0x00000000abf00000)
 PSPermGen       total 87040K, used 40914K [0x000000008f400000, 0x0000000094900000, 0x0000000099a00000)
  object space 87040K, 47% used [0x000000008f400000,0x0000000091bf4b70,0x0000000094900000)
