9.204: [GC [PSYoungGen: 113664K->12170K(132096K)] 113664K->12242K(432128K), 0.0167310 secs] [Times: user=0.02 sys=0.01, real=0.02 secs] 
12.047: [GC [PSYoungGen: 125834K->9975K(132096K)] 125906K->10055K(432128K), 0.0109620 secs] [Times: user=0.01 sys=0.00, real=0.01 secs] 
2016-10-02 11:39:33 Running Dag: dag_1475401111718_0101_1
19.113: [GC [PSYoungGen: 123639K->16385K(132096K)] 123719K->16465K(432128K), 0.0131000 secs] [Times: user=0.02 sys=0.01, real=0.02 secs] 
33.930: [GC [PSYoungGen: 130049K->18187K(132096K)] 130129K->18275K(432128K), 0.0177490 secs] [Times: user=0.04 sys=0.01, real=0.02 secs] 
65.532: [GC [PSYoungGen: 131823K->13617K(124928K)] 131911K->13713K(424960K), 0.0346240 secs] [Times: user=0.03 sys=0.00, real=0.04 secs] 
2016-10-02 11:40:46 Completed Dag: dag_1475401111718_0101_1
Heap
 PSYoungGen      total 124928K, used 65203K [0x00000000dde00000, 0x00000000e7180000, 0x0000000100000000)
  eden space 111104K, 46% used [0x00000000dde00000,0x00000000e1060990,0x00000000e4a80000)
  from space 13824K, 98% used [0x00000000e4d00000,0x00000000e5a4c4d0,0x00000000e5a80000)
  to   space 19968K, 0% used [0x00000000e5e00000,0x00000000e5e00000,0x00000000e7180000)
 ParOldGen       total 300032K, used 96K [0x0000000099a00000, 0x00000000abf00000, 0x00000000dde00000)
  object space 300032K, 0% used [0x0000000099a00000,0x0000000099a18010,0x00000000abf00000)
 PSPermGen       total 87040K, used 40596K [0x000000008f400000, 0x0000000094900000, 0x0000000099a00000)
  object space 87040K, 46% used [0x000000008f400000,0x0000000091ba51d8,0x0000000094900000)
