8.722: [GC [PSYoungGen: 113664K->12537K(132096K)] 113664K->12545K(432128K), 0.0139820 secs] [Times: user=0.03 sys=0.00, real=0.02 secs] 
10.795: [GC [PSYoungGen: 126201K->10193K(132096K)] 126209K->10209K(432128K), 0.0119290 secs] [Times: user=0.04 sys=0.00, real=0.01 secs] 
2016-10-02 11:45:40 Running Dag: dag_1475401111718_0104_1
17.605: [GC [PSYoungGen: 123857K->16904K(132096K)] 123873K->16928K(432128K), 0.0215650 secs] [Times: user=0.03 sys=0.01, real=0.02 secs] 
35.663: [GC [PSYoungGen: 130568K->17974K(132096K)] 130592K->18070K(432128K), 0.0163480 secs] [Times: user=0.03 sys=0.00, real=0.02 secs] 
68.989: [GC [PSYoungGen: 131638K->13863K(125440K)] 131734K->13967K(425472K), 0.0203350 secs] [Times: user=0.03 sys=0.00, real=0.02 secs] 
2016-10-02 11:46:41 Completed Dag: dag_1475401111718_0104_1
Heap
 PSYoungGen      total 125440K, used 46573K [0x00000000dde00000, 0x00000000e7180000, 0x0000000100000000)
  eden space 111104K, 29% used [0x00000000dde00000,0x00000000dfdf19e8,0x00000000e4a80000)
  from space 14336K, 96% used [0x00000000e4d00000,0x00000000e5a89cb8,0x00000000e5b00000)
  to   space 19968K, 0% used [0x00000000e5e00000,0x00000000e5e00000,0x00000000e7180000)
 ParOldGen       total 300032K, used 104K [0x0000000099a00000, 0x00000000abf00000, 0x00000000dde00000)
  object space 300032K, 0% used [0x0000000099a00000,0x0000000099a1a010,0x00000000abf00000)
 PSPermGen       total 87040K, used 40661K [0x000000008f400000, 0x0000000094900000, 0x0000000099a00000)
  object space 87040K, 46% used [0x000000008f400000,0x0000000091bb5670,0x0000000094900000)
