8.618: [GC [PSYoungGen: 113664K->12501K(132096K)] 113664K->12509K(432128K), 0.0134210 secs] [Times: user=0.02 sys=0.00, real=0.01 secs] 
11.034: [GC [PSYoungGen: 126165K->9865K(132096K)] 126173K->9945K(432128K), 0.0127540 secs] [Times: user=0.03 sys=0.00, real=0.01 secs] 
2016-10-02 10:17:10 Running Dag: dag_1475401111718_0016_1
17.342: [GC [PSYoungGen: 123529K->14854K(132096K)] 123609K->14942K(432128K), 0.0215050 secs] [Times: user=0.04 sys=0.00, real=0.02 secs] 
29.802: [GC [PSYoungGen: 128518K->18417K(132096K)] 128606K->18823K(432128K), 0.0158100 secs] [Times: user=0.04 sys=0.00, real=0.02 secs] 
2016-10-02 10:17:46 Completed Dag: dag_1475401111718_0016_1
Heap
 PSYoungGen      total 132096K, used 104367K [0x00000000dde00000, 0x00000000e7100000, 0x0000000100000000)
  eden space 113664K, 75% used [0x00000000dde00000,0x00000000e31ef908,0x00000000e4d00000)
  from space 18432K, 99% used [0x00000000e5f00000,0x00000000e70fc5b0,0x00000000e7100000)
  to   space 18432K, 0% used [0x00000000e4d00000,0x00000000e4d00000,0x00000000e5f00000)
 ParOldGen       total 300032K, used 405K [0x0000000099a00000, 0x00000000abf00000, 0x00000000dde00000)
  object space 300032K, 0% used [0x0000000099a00000,0x0000000099a65710,0x00000000abf00000)
 PSPermGen       total 87040K, used 40896K [0x000000008f400000, 0x0000000094900000, 0x0000000099a00000)
  object space 87040K, 46% used [0x000000008f400000,0x0000000091bf0338,0x0000000094900000)
