8.578: [GC [PSYoungGen: 113664K->13785K(132096K)] 113664K->13793K(432128K), 0.0250010 secs] [Times: user=0.05 sys=0.00, real=0.03 secs] 
10.878: [GC [PSYoungGen: 127449K->11558K(132096K)] 127457K->11574K(432128K), 0.0121910 secs] [Times: user=0.02 sys=0.01, real=0.01 secs] 
2016-10-02 13:35:28 Running Dag: dag_1475401111718_0192_1
18.226: [GC [PSYoungGen: 125222K->18422K(132096K)] 125238K->18892K(432128K), 0.0167850 secs] [Times: user=0.03 sys=0.01, real=0.02 secs] 
37.478: [GC [PSYoungGen: 132086K->16896K(132096K)] 132556K->17437K(432128K), 0.0398200 secs] [Times: user=0.04 sys=0.01, real=0.04 secs] 
75.912: [GC [PSYoungGen: 130560K->14594K(125952K)] 131101K->15143K(425984K), 0.0125540 secs] [Times: user=0.04 sys=0.01, real=0.01 secs] 
124.104: [GC [PSYoungGen: 125698K->15055K(123904K)] 126247K->15612K(423936K), 0.0164630 secs] [Times: user=0.03 sys=0.00, real=0.02 secs] 
293.179: [GC [PSYoungGen: 123599K->9972K(116224K)] 124156K->15523K(416256K), 0.0242570 secs] [Times: user=0.05 sys=0.00, real=0.03 secs] 
2016-10-02 13:40:34 Completed Dag: dag_1475401111718_0192_1
Heap
 PSYoungGen      total 116224K, used 37640K [0x00000000dde00000, 0x00000000e6c80000, 0x0000000100000000)
  eden space 105984K, 26% used [0x00000000dde00000,0x00000000df904c50,0x00000000e4580000)
  from space 10240K, 97% used [0x00000000e4800000,0x00000000e51bd3b0,0x00000000e5200000)
  to   space 19968K, 0% used [0x00000000e5900000,0x00000000e5900000,0x00000000e6c80000)
 ParOldGen       total 300032K, used 5550K [0x0000000099a00000, 0x00000000abf00000, 0x00000000dde00000)
  object space 300032K, 1% used [0x0000000099a00000,0x0000000099f6ba80,0x00000000abf00000)
 PSPermGen       total 87040K, used 39677K [0x000000008f400000, 0x0000000094900000, 0x0000000099a00000)
  object space 87040K, 45% used [0x000000008f400000,0x0000000091abf5d8,0x0000000094900000)
