6.711: [GC [PSYoungGen: 113664K->12240K(132096K)] 113664K->12248K(432128K), 0.0194730 secs] [Times: user=0.03 sys=0.01, real=0.02 secs] 
8.520: [GC [PSYoungGen: 125904K->10214K(132096K)] 125912K->10230K(432128K), 0.0127220 secs] [Times: user=0.02 sys=0.00, real=0.01 secs] 
2016-10-02 12:57:04 Running Dag: dag_1475401111718_0186_1
14.567: [GC [PSYoungGen: 123380K->16755K(132096K)] 123396K->16843K(432128K), 0.0128190 secs] [Times: user=0.03 sys=0.00, real=0.01 secs] 
26.904: [GC [PSYoungGen: 130419K->18431K(132096K)] 130507K->18612K(432128K), 0.0638500 secs] [Times: user=0.06 sys=0.00, real=0.07 secs] 
64.937: [GC [PSYoungGen: 132095K->14712K(125952K)] 132276K->14901K(425984K), 0.0117470 secs] [Times: user=0.03 sys=0.00, real=0.02 secs] 
104.988: [GC [PSYoungGen: 125816K->15264K(125952K)] 126005K->15462K(425984K), 0.0158370 secs] [Times: user=0.04 sys=0.00, real=0.01 secs] 
196.090: [GC [PSYoungGen: 123808K->10960K(117248K)] 124006K->15531K(417280K), 0.0179280 secs] [Times: user=0.05 sys=0.00, real=0.02 secs] 
2016-10-02 13:02:26 Completed Dag: dag_1475401111718_0186_1
Heap
 PSYoungGen      total 117248K, used 85507K [0x00000000dde00000, 0x00000000e6c80000, 0x0000000100000000)
  eden space 105984K, 70% used [0x00000000dde00000,0x00000000e26ccf50,0x00000000e4580000)
  from space 11264K, 97% used [0x00000000e4800000,0x00000000e52b4060,0x00000000e5300000)
  to   space 19968K, 0% used [0x00000000e5900000,0x00000000e5900000,0x00000000e6c80000)
 ParOldGen       total 300032K, used 4571K [0x0000000099a00000, 0x00000000abf00000, 0x00000000dde00000)
  object space 300032K, 1% used [0x0000000099a00000,0x0000000099e76f38,0x00000000abf00000)
 PSPermGen       total 87040K, used 39669K [0x000000008f400000, 0x0000000094900000, 0x0000000099a00000)
  object space 87040K, 45% used [0x000000008f400000,0x0000000091abd650,0x0000000094900000)
