8.971: [GC [PSYoungGen: 113664K->13645K(132096K)] 113664K->13717K(432128K), 0.0134260 secs] [Times: user=0.03 sys=0.00, real=0.01 secs] 
11.176: [GC [PSYoungGen: 127309K->10936K(132096K)] 127381K->11016K(432128K), 0.0148730 secs] [Times: user=0.03 sys=0.00, real=0.02 secs] 
2016-10-01 10:06:10 Running Dag: dag_1475271333482_0148_1
17.450: [GC [PSYoungGen: 124294K->18238K(132096K)] 124374K->18326K(432128K), 0.0120960 secs] [Times: user=0.04 sys=0.00, real=0.01 secs] 
22.301: [GC [PSYoungGen: 131902K->18425K(132096K)] 131990K->18569K(432128K), 0.0467430 secs] [Times: user=0.03 sys=0.01, real=0.05 secs] 
66.818: [GC [PSYoungGen: 132089K->15481K(129536K)] 132233K->15633K(429568K), 0.0150880 secs] [Times: user=0.04 sys=0.00, real=0.02 secs] 
110.887: [GC [PSYoungGen: 126585K->15678K(124928K)] 126737K->15838K(424960K), 0.0219650 secs] [Times: user=0.03 sys=0.00, real=0.02 secs] 
151.174: [GC [PSYoungGen: 124222K->11224K(117248K)] 124382K->16282K(417280K), 0.0263180 secs] [Times: user=0.04 sys=0.00, real=0.02 secs] 
190.166: [GC [PSYoungGen: 117208K->4536K(124416K)] 122266K->16903K(424448K), 0.0160990 secs] [Times: user=0.02 sys=0.02, real=0.02 secs] 
229.879: [GC [PSYoungGen: 108421K->1706K(103936K)] 120788K->17183K(403968K), 0.0041540 secs] [Times: user=0.01 sys=0.00, real=0.01 secs] 
275.779: [GC [PSYoungGen: 103594K->624K(122880K)] 119071K->17320K(422912K), 0.0039930 secs] [Times: user=0.00 sys=0.00, real=0.01 secs] 
323.329: [GC [PSYoungGen: 100464K->256K(98304K)] 117160K->17296K(398336K), 0.0040710 secs] [Times: user=0.01 sys=0.00, real=0.00 secs] 
379.834: [GC [PSYoungGen: 98047K->256K(119296K)] 115087K->17404K(419328K), 0.0033450 secs] [Times: user=0.00 sys=0.00, real=0.00 secs] 
2016-10-01 10:12:38 Completed Dag: dag_1475271333482_0148_1
Heap
 PSYoungGen      total 119296K, used 51979K [0x00000000dde00000, 0x00000000e6c80000, 0x0000000100000000)
  eden space 95744K, 54% used [0x00000000dde00000,0x00000000e1082f90,0x00000000e3b80000)
  from space 23552K, 1% used [0x00000000e5580000,0x00000000e55c0060,0x00000000e6c80000)
  to   space 25088K, 0% used [0x00000000e3b80000,0x00000000e3b80000,0x00000000e5400000)
 ParOldGen       total 300032K, used 17148K [0x0000000099a00000, 0x00000000abf00000, 0x00000000dde00000)
  object space 300032K, 5% used [0x0000000099a00000,0x000000009aabf000,0x00000000abf00000)
 PSPermGen       total 87040K, used 40216K [0x000000008f400000, 0x0000000094900000, 0x0000000099a00000)
  object space 87040K, 46% used [0x000000008f400000,0x0000000091b46330,0x0000000094900000)
