7.694: [GC [PSYoungGen: 113664K->12192K(132096K)] 113664K->12200K(432128K), 0.0145570 secs] [Times: user=0.02 sys=0.00, real=0.01 secs] 
9.393: [GC [PSYoungGen: 125856K->10043K(132096K)] 125864K->10059K(432128K), 0.0121300 secs] [Times: user=0.03 sys=0.00, real=0.01 secs] 
2016-10-01 10:48:21 Running Dag: dag_1475271333482_0164_1
16.100: [GC [PSYoungGen: 121503K->17453K(132096K)] 121519K->17541K(432128K), 0.0132700 secs] [Times: user=0.03 sys=0.00, real=0.01 secs] 
18.332: [GC [PSYoungGen: 131117K->17586K(132096K)] 131205K->17674K(432128K), 0.0171350 secs] [Times: user=0.04 sys=0.00, real=0.01 secs] 
42.624: [GC [PSYoungGen: 131250K->17138K(129536K)] 131338K->17234K(429568K), 0.0611210 secs] [Times: user=0.06 sys=0.00, real=0.06 secs] 
96.692: [GC [PSYoungGen: 128242K->15561K(126464K)] 128338K->15665K(426496K), 0.0212540 secs] [Times: user=0.04 sys=0.00, real=0.02 secs] 
153.654: [GC [PSYoungGen: 124105K->11065K(117248K)] 124209K->15593K(417280K), 0.0203640 secs] [Times: user=0.03 sys=0.00, real=0.02 secs] 
198.378: [GC [PSYoungGen: 117049K->3818K(124928K)] 121577K->15993K(424960K), 0.0274810 secs] [Times: user=0.04 sys=0.01, real=0.03 secs] 
254.450: [GC [PSYoungGen: 107754K->1000K(102912K)] 119929K->16019K(402944K), 0.0042450 secs] [Times: user=0.00 sys=0.01, real=0.01 secs] 
303.650: [GC [PSYoungGen: 102888K->536K(123392K)] 117907K->16308K(423424K), 0.0022430 secs] [Times: user=0.01 sys=0.00, real=0.01 secs] 
351.975: [GC [PSYoungGen: 100376K->714K(98816K)] 116148K->16854K(398848K), 0.0033440 secs] [Times: user=0.00 sys=0.01, real=0.00 secs] 
405.996: [GC [PSYoungGen: 98506K->32K(119296K)] 114646K->16862K(419328K), 0.0033940 secs] [Times: user=0.01 sys=0.00, real=0.01 secs] 
507.129: [GC [PSYoungGen: 95776K->288K(94208K)] 112606K->17134K(394240K), 0.0032710 secs] [Times: user=0.00 sys=0.00, real=0.01 secs] 
2016-10-01 10:57:21 Completed Dag: dag_1475271333482_0164_1
Heap
 PSYoungGen      total 94208K, used 42449K [0x00000000dde00000, 0x00000000e6980000, 0x0000000100000000)
  eden space 93696K, 44% used [0x00000000dde00000,0x00000000e072c4b0,0x00000000e3980000)
  from space 512K, 56% used [0x00000000e3b80000,0x00000000e3bc8060,0x00000000e3c00000)
  to   space 24576K, 0% used [0x00000000e5180000,0x00000000e5180000,0x00000000e6980000)
 ParOldGen       total 300032K, used 16846K [0x0000000099a00000, 0x00000000abf00000, 0x00000000dde00000)
  object space 300032K, 5% used [0x0000000099a00000,0x000000009aa739a0,0x00000000abf00000)
 PSPermGen       total 87040K, used 39938K [0x000000008f400000, 0x0000000094900000, 0x0000000099a00000)
  object space 87040K, 45% used [0x000000008f400000,0x0000000091b00880,0x0000000094900000)
