8.020: [GC [PSYoungGen: 113664K->12185K(132096K)] 113664K->12193K(432128K), 0.0146920 secs] [Times: user=0.02 sys=0.00, real=0.02 secs] 
9.968: [GC [PSYoungGen: 125849K->10013K(132096K)] 125857K->10029K(432128K), 0.0116470 secs] [Times: user=0.03 sys=0.00, real=0.01 secs] 
2016-10-01 09:06:48 Running Dag: dag_1475271333482_0127_1
16.708: [GC [PSYoungGen: 122370K->17638K(132096K)] 122386K->17726K(432128K), 0.0192350 secs] [Times: user=0.05 sys=0.00, real=0.02 secs] 
19.015: [GC [PSYoungGen: 131302K->18405K(132096K)] 131390K->18725K(432128K), 0.0151100 secs] [Times: user=0.04 sys=0.00, real=0.01 secs] 
49.909: [GC [PSYoungGen: 132069K->16998K(129536K)] 132389K->17326K(429568K), 0.0146310 secs] [Times: user=0.03 sys=0.00, real=0.01 secs] 
81.520: [GC [PSYoungGen: 128102K->16359K(128000K)] 128430K->16695K(428032K), 0.0217000 secs] [Times: user=0.04 sys=0.01, real=0.02 secs] 
122.439: [GC [PSYoungGen: 124903K->12933K(119296K)] 125239K->17652K(419328K), 0.0208020 secs] [Times: user=0.03 sys=0.00, real=0.02 secs] 
169.429: [GC [PSYoungGen: 118917K->6473K(125440K)] 123636K->18275K(425472K), 0.0171430 secs] [Times: user=0.03 sys=0.00, real=0.02 secs] 
215.523: [GC [PSYoungGen: 110409K->4020K(105984K)] 122211K->18905K(406016K), 0.0066740 secs] [Times: user=0.00 sys=0.00, real=0.01 secs] 
260.879: [GC [PSYoungGen: 105908K->1908K(122880K)] 120793K->19355K(422912K), 0.0028920 secs] [Times: user=0.00 sys=0.00, real=0.00 secs] 
305.149: [GC [PSYoungGen: 101748K->641K(98816K)] 119195K->19611K(398848K), 0.0038490 secs] [Times: user=0.01 sys=0.01, real=0.01 secs] 
351.673: [GC [PSYoungGen: 98433K->448K(119296K)] 117403K->19835K(419328K), 0.0033160 secs] [Times: user=0.01 sys=0.00, real=0.00 secs] 
416.575: [GC [PSYoungGen: 96192K->461K(94208K)] 115579K->20129K(394240K), 0.0027180 secs] [Times: user=0.00 sys=0.00, real=0.00 secs] 
2016-10-01 09:13:28 Completed Dag: dag_1475271333482_0127_1
Heap
 PSYoungGen      total 94208K, used 9172K [0x00000000dde00000, 0x00000000e6a80000, 0x0000000100000000)
  eden space 93696K, 9% used [0x00000000dde00000,0x00000000de681c08,0x00000000e3980000)
  from space 512K, 90% used [0x00000000e3b80000,0x00000000e3bf3538,0x00000000e3c00000)
  to   space 25088K, 0% used [0x00000000e5200000,0x00000000e5200000,0x00000000e6a80000)
 ParOldGen       total 300032K, used 19667K [0x0000000099a00000, 0x00000000abf00000, 0x00000000dde00000)
  object space 300032K, 6% used [0x0000000099a00000,0x000000009ad34f28,0x00000000abf00000)
 PSPermGen       total 87040K, used 40219K [0x000000008f400000, 0x0000000094900000, 0x0000000099a00000)
  object space 87040K, 46% used [0x000000008f400000,0x0000000091b46f18,0x0000000094900000)
