7.182: [GC [PSYoungGen: 113664K->13703K(132096K)] 113664K->13711K(432128K), 0.0137700 secs] [Times: user=0.02 sys=0.01, real=0.02 secs] 
9.221: [GC [PSYoungGen: 127367K->11237K(132096K)] 127375K->11253K(432128K), 0.0106530 secs] [Times: user=0.03 sys=0.01, real=0.01 secs] 
2016-10-01 07:49:43 Running Dag: dag_1475271333482_0099_1
16.819: [GC [PSYoungGen: 124901K->17653K(132096K)] 124917K->17669K(432128K), 0.0131150 secs] [Times: user=0.03 sys=0.00, real=0.01 secs] 
33.253: [GC [PSYoungGen: 131317K->16684K(132096K)] 131333K->16772K(432128K), 0.0805510 secs] [Times: user=0.04 sys=0.00, real=0.08 secs] 
63.197: [GC [PSYoungGen: 130348K->14519K(125952K)] 130436K->14615K(425984K), 0.0167090 secs] [Times: user=0.04 sys=0.00, real=0.01 secs] 
108.944: [GC [PSYoungGen: 125623K->15228K(124928K)] 125719K->15332K(424960K), 0.0148400 secs] [Times: user=0.05 sys=0.00, real=0.01 secs] 
175.756: [GC [PSYoungGen: 123772K->10570K(116736K)] 123876K->15546K(416768K), 0.0150060 secs] [Times: user=0.04 sys=0.00, real=0.01 secs] 
2016-10-01 07:55:24 Completed Dag: dag_1475271333482_0099_1
Heap
 PSYoungGen      total 116736K, used 100524K [0x00000000dde00000, 0x00000000e6a80000, 0x0000000100000000)
  eden space 105984K, 84% used [0x00000000dde00000,0x00000000e35d8800,0x00000000e4580000)
  from space 10752K, 98% used [0x00000000e4800000,0x00000000e5252ac0,0x00000000e5280000)
  to   space 18944K, 0% used [0x00000000e5800000,0x00000000e5800000,0x00000000e6a80000)
 ParOldGen       total 300032K, used 4976K [0x0000000099a00000, 0x00000000abf00000, 0x00000000dde00000)
  object space 300032K, 1% used [0x0000000099a00000,0x0000000099edc100,0x00000000abf00000)
 PSPermGen       total 87040K, used 39634K [0x000000008f400000, 0x0000000094900000, 0x0000000099a00000)
  object space 87040K, 45% used [0x000000008f400000,0x0000000091ab4b28,0x0000000094900000)
