8.413: [GC [PSYoungGen: 113664K->13675K(132096K)] 113664K->13683K(432128K), 0.0154690 secs] [Times: user=0.02 sys=0.00, real=0.01 secs] 
10.612: [GC [PSYoungGen: 127339K->11293K(132096K)] 127347K->11309K(432128K), 0.0146630 secs] [Times: user=0.03 sys=0.00, real=0.01 secs] 
2016-10-01 06:23:07 Running Dag: dag_1475271333482_0051_1
18.973: [GC [PSYoungGen: 124957K->18402K(132096K)] 124973K->20090K(432128K), 0.0141020 secs] [Times: user=0.03 sys=0.00, real=0.01 secs] 
44.322: [GC [PSYoungGen: 132066K->16047K(132096K)] 133754K->17743K(432128K), 0.0221190 secs] [Times: user=0.04 sys=0.00, real=0.02 secs] 
87.147: [GC [PSYoungGen: 129711K->13885K(125440K)] 131407K->15653K(425472K), 0.0194350 secs] [Times: user=0.04 sys=0.00, real=0.02 secs] 
2016-10-01 06:24:18 Completed Dag: dag_1475271333482_0051_1
Heap
 PSYoungGen      total 125440K, used 25842K [0x00000000dde00000, 0x00000000e7180000, 0x0000000100000000)
  eden space 111104K, 10% used [0x00000000dde00000,0x00000000de9ad100,0x00000000e4a80000)
  from space 14336K, 96% used [0x00000000e4d00000,0x00000000e5a8f788,0x00000000e5b00000)
  to   space 19968K, 0% used [0x00000000e5e00000,0x00000000e5e00000,0x00000000e7180000)
 ParOldGen       total 300032K, used 1767K [0x0000000099a00000, 0x00000000abf00000, 0x00000000dde00000)
  object space 300032K, 0% used [0x0000000099a00000,0x0000000099bb9f40,0x00000000abf00000)
 PSPermGen       total 87040K, used 40599K [0x000000008f400000, 0x0000000094900000, 0x0000000099a00000)
  object space 87040K, 46% used [0x000000008f400000,0x0000000091ba5cb0,0x0000000094900000)
