8.346: [GC [PSYoungGen: 113664K->12477K(132096K)] 113664K->12549K(432128K), 0.0188630 secs] [Times: user=0.03 sys=0.00, real=0.02 secs] 
10.749: [GC [PSYoungGen: 126141K->10146K(132096K)] 126213K->10226K(432128K), 0.0121880 secs] [Times: user=0.03 sys=0.00, real=0.01 secs] 
2016-10-02 13:16:09 Running Dag: dag_1475401111718_0189_1
17.095: [GC [PSYoungGen: 123810K->16665K(132096K)] 123890K->16753K(432128K), 0.0138770 secs] [Times: user=0.04 sys=0.00, real=0.02 secs] 
28.317: [GC [PSYoungGen: 130329K->18356K(132096K)] 130417K->18444K(432128K), 0.0387000 secs] [Times: user=0.03 sys=0.00, real=0.03 secs] 
53.166: [GC [PSYoungGen: 132020K->14648K(125952K)] 132108K->14744K(425984K), 0.0138890 secs] [Times: user=0.04 sys=0.00, real=0.02 secs] 
97.275: [GC [PSYoungGen: 125752K->14956K(124928K)] 125848K->15060K(424960K), 0.0157140 secs] [Times: user=0.04 sys=0.00, real=0.02 secs] 
147.327: [GC [PSYoungGen: 123500K->10910K(117248K)] 123604K->15398K(417280K), 0.0156210 secs] [Times: user=0.04 sys=0.00, real=0.02 secs] 
330.361: [GC [PSYoungGen: 116894K->3574K(123392K)] 121382K->15337K(423424K), 0.0124600 secs] [Times: user=0.02 sys=0.01, real=0.01 secs] 
2016-10-02 13:21:41 Completed Dag: dag_1475401111718_0189_1
Heap
 PSYoungGen      total 123392K, used 25175K [0x00000000dde00000, 0x00000000e6c80000, 0x0000000100000000)
  eden space 103936K, 20% used [0x00000000dde00000,0x00000000df3185f8,0x00000000e4380000)
  from space 19456K, 18% used [0x00000000e5880000,0x00000000e5bfd9a8,0x00000000e6b80000)
  to   space 20992K, 0% used [0x00000000e4380000,0x00000000e4380000,0x00000000e5800000)
 ParOldGen       total 300032K, used 11763K [0x0000000099a00000, 0x00000000abf00000, 0x00000000dde00000)
  object space 300032K, 3% used [0x0000000099a00000,0x000000009a57cd00,0x00000000abf00000)
 PSPermGen       total 87040K, used 39633K [0x000000008f400000, 0x0000000094900000, 0x0000000099a00000)
  object space 87040K, 45% used [0x000000008f400000,0x0000000091ab4408,0x0000000094900000)
