6.658: [GC [PSYoungGen: 113664K->13607K(132096K)] 113664K->13679K(432128K), 0.0179070 secs] [Times: user=0.02 sys=0.00, real=0.02 secs] 
8.586: [GC [PSYoungGen: 127271K->11080K(132096K)] 127343K->11160K(432128K), 0.0207070 secs] [Times: user=0.03 sys=0.01, real=0.02 secs] 
2016-10-01 07:06:39 Running Dag: dag_1475271333482_0075_1
15.707: [GC [PSYoungGen: 124744K->18422K(132096K)] 124824K->19009K(432128K), 0.0157410 secs] [Times: user=0.03 sys=0.01, real=0.02 secs] 
37.584: [GC [PSYoungGen: 132086K->17057K(132096K)] 132673K->17652K(432128K), 0.0447560 secs] [Times: user=0.03 sys=0.01, real=0.04 secs] 
2016-10-01 07:07:23 Completed Dag: dag_1475271333482_0075_1
Heap
 PSYoungGen      total 132096K, used 67977K [0x00000000dde00000, 0x00000000e7100000, 0x0000000100000000)
  eden space 113664K, 44% used [0x00000000dde00000,0x00000000e0fb9ed0,0x00000000e4d00000)
  from space 18432K, 92% used [0x00000000e5f00000,0x00000000e6fa8540,0x00000000e7100000)
  to   space 18432K, 0% used [0x00000000e4d00000,0x00000000e4d00000,0x00000000e5f00000)
 ParOldGen       total 300032K, used 594K [0x0000000099a00000, 0x00000000abf00000, 0x00000000dde00000)
  object space 300032K, 0% used [0x0000000099a00000,0x0000000099a94ba0,0x00000000abf00000)
 PSPermGen       total 87040K, used 40791K [0x000000008f400000, 0x0000000094900000, 0x0000000099a00000)
  object space 87040K, 46% used [0x000000008f400000,0x0000000091bd5c30,0x0000000094900000)
