7.820: [GC [PSYoungGen: 113664K->13717K(132096K)] 113664K->13725K(432128K), 0.0175850 secs] [Times: user=0.02 sys=0.00, real=0.02 secs] 
9.966: [GC [PSYoungGen: 127381K->11182K(132096K)] 127389K->11198K(432128K), 0.0148800 secs] [Times: user=0.02 sys=0.00, real=0.01 secs] 
2016-10-01 08:47:38 Running Dag: dag_1475271333482_0120_1
17.230: [GC [PSYoungGen: 124846K->17233K(132096K)] 124862K->17249K(432128K), 0.0133950 secs] [Times: user=0.03 sys=0.00, real=0.01 secs] 
34.030: [GC [PSYoungGen: 130897K->16454K(132096K)] 130913K->16542K(432128K), 0.0617920 secs] [Times: user=0.04 sys=0.01, real=0.06 secs] 
63.623: [GC [PSYoungGen: 130118K->14566K(125952K)] 130206K->14662K(425984K), 0.0305250 secs] [Times: user=0.03 sys=0.01, real=0.04 secs] 
108.601: [GC [PSYoungGen: 125670K->14979K(124416K)] 125766K->15083K(424448K), 0.0157120 secs] [Times: user=0.04 sys=0.00, real=0.02 secs] 
166.975: [GC [PSYoungGen: 123523K->10336K(116736K)] 123627K->15319K(416768K), 0.0284470 secs] [Times: user=0.06 sys=0.00, real=0.02 secs] 
2016-10-01 08:53:21 Completed Dag: dag_1475271333482_0120_1
Heap
 PSYoungGen      total 116736K, used 107334K [0x00000000dde00000, 0x00000000e6a80000, 0x0000000100000000)
  eden space 105984K, 91% used [0x00000000dde00000,0x00000000e3cb9a08,0x00000000e4580000)
  from space 10752K, 96% used [0x00000000e4800000,0x00000000e52180b8,0x00000000e5280000)
  to   space 18944K, 0% used [0x00000000e5800000,0x00000000e5800000,0x00000000e6a80000)
 ParOldGen       total 300032K, used 4983K [0x0000000099a00000, 0x00000000abf00000, 0x00000000dde00000)
  object space 300032K, 1% used [0x0000000099a00000,0x0000000099eddec8,0x00000000abf00000)
 PSPermGen       total 87040K, used 39638K [0x000000008f400000, 0x0000000094900000, 0x0000000099a00000)
  object space 87040K, 45% used [0x000000008f400000,0x0000000091ab5968,0x0000000094900000)
