9.375: [GC [PSYoungGen: 113664K->12208K(132096K)] 113664K->12280K(432128K), 0.0147500 secs] [Times: user=0.02 sys=0.00, real=0.02 secs] 
11.621: [GC [PSYoungGen: 125872K->10162K(132096K)] 125944K->10242K(432128K), 0.0131770 secs] [Times: user=0.03 sys=0.01, real=0.01 secs] 
2016-10-02 13:10:10 Running Dag: dag_1475401111718_0188_1
17.895: [GC [PSYoungGen: 123752K->16665K(132096K)] 123832K->16753K(432128K), 0.0127810 secs] [Times: user=0.04 sys=0.00, real=0.02 secs] 
29.329: [GC [PSYoungGen: 130273K->18097K(132096K)] 130361K->18193K(432128K), 0.0154660 secs] [Times: user=0.04 sys=0.01, real=0.01 secs] 
73.826: [GC [PSYoungGen: 131761K->13783K(124928K)] 131857K->13887K(424960K), 0.0221850 secs] [Times: user=0.04 sys=0.01, real=0.02 secs] 
115.570: [GC [PSYoungGen: 124887K->14017K(123904K)] 124991K->14129K(423936K), 0.0382610 secs] [Times: user=0.05 sys=0.00, real=0.04 secs] 
182.824: [GC [PSYoungGen: 122561K->9965K(116224K)] 122673K->14454K(416256K), 0.0176680 secs] [Times: user=0.04 sys=0.00, real=0.02 secs] 
2016-10-02 13:15:15 Completed Dag: dag_1475401111718_0188_1
Heap
 PSYoungGen      total 116224K, used 86505K [0x00000000dde00000, 0x00000000e6b80000, 0x0000000100000000)
  eden space 105984K, 72% used [0x00000000dde00000,0x00000000e28bf088,0x00000000e4580000)
  from space 10240K, 97% used [0x00000000e4800000,0x00000000e51bb658,0x00000000e5200000)
  to   space 19456K, 0% used [0x00000000e5880000,0x00000000e5880000,0x00000000e6b80000)
 ParOldGen       total 300032K, used 4489K [0x0000000099a00000, 0x00000000abf00000, 0x00000000dde00000)
  object space 300032K, 1% used [0x0000000099a00000,0x0000000099e62540,0x00000000abf00000)
 PSPermGen       total 87040K, used 39661K [0x000000008f400000, 0x0000000094900000, 0x0000000099a00000)
  object space 87040K, 45% used [0x000000008f400000,0x0000000091abb5d0,0x0000000094900000)
