8.046: [GC [PSYoungGen: 113664K->12190K(132096K)] 113664K->12262K(432128K), 0.0157420 secs] [Times: user=0.03 sys=0.00, real=0.02 secs] 
10.212: [GC [PSYoungGen: 125854K->10207K(132096K)] 125926K->10287K(432128K), 0.0142210 secs] [Times: user=0.02 sys=0.00, real=0.01 secs] 
2016-10-02 10:15:35 Running Dag: dag_1475401111718_0015_1
15.996: [GC [PSYoungGen: 123871K->15038K(132096K)] 123951K->15126K(432128K), 0.0171370 secs] [Times: user=0.03 sys=0.00, real=0.01 secs] 
27.317: [GC [PSYoungGen: 128670K->18428K(132096K)] 128758K->19501K(432128K), 0.0468240 secs] [Times: user=0.04 sys=0.00, real=0.04 secs] 
2016-10-02 10:16:21 Completed Dag: dag_1475401111718_0015_1
Heap
 PSYoungGen      total 132096K, used 107893K [0x00000000dde00000, 0x00000000e7100000, 0x0000000100000000)
  eden space 113664K, 78% used [0x00000000dde00000,0x00000000e355e248,0x00000000e4d00000)
  from space 18432K, 99% used [0x00000000e5f00000,0x00000000e70ff1f8,0x00000000e7100000)
  to   space 18432K, 0% used [0x00000000e4d00000,0x00000000e4d00000,0x00000000e5f00000)
 ParOldGen       total 300032K, used 1073K [0x0000000099a00000, 0x00000000abf00000, 0x00000000dde00000)
  object space 300032K, 0% used [0x0000000099a00000,0x0000000099b0c5a0,0x00000000abf00000)
 PSPermGen       total 87040K, used 40790K [0x000000008f400000, 0x0000000094900000, 0x0000000099a00000)
  object space 87040K, 46% used [0x000000008f400000,0x0000000091bd5a28,0x0000000094900000)
