8.687: [GC [PSYoungGen: 113664K->12489K(132096K)] 113664K->12561K(432128K), 0.0131440 secs] [Times: user=0.02 sys=0.00, real=0.02 secs] 
10.735: [GC [PSYoungGen: 126153K->10105K(132096K)] 126225K->10185K(432128K), 0.0178700 secs] [Times: user=0.03 sys=0.01, real=0.02 secs] 
2016-10-02 13:03:17 Running Dag: dag_1475401111718_0187_1
16.986: [GC [PSYoungGen: 123709K->15525K(132096K)] 123789K->15613K(432128K), 0.0153040 secs] [Times: user=0.03 sys=0.01, real=0.02 secs] 
28.641: [GC [PSYoungGen: 129189K->18214K(132096K)] 129277K->18310K(432128K), 0.0542660 secs] [Times: user=0.05 sys=0.00, real=0.05 secs] 
54.501: [GC [PSYoungGen: 131778K->14185K(125440K)] 131874K->14289K(425472K), 0.0168240 secs] [Times: user=0.04 sys=0.00, real=0.01 secs] 
97.852: [GC [PSYoungGen: 125289K->14701K(124416K)] 125393K->14813K(424448K), 0.0320400 secs] [Times: user=0.04 sys=0.01, real=0.03 secs] 
148.591: [GC [PSYoungGen: 123245K->10746K(116736K)] 123357K->15239K(416768K), 0.0216510 secs] [Times: user=0.04 sys=0.00, real=0.02 secs] 
344.950: [GC [PSYoungGen: 116730K->3728K(122880K)] 121223K->15106K(422912K), 0.0143930 secs] [Times: user=0.01 sys=0.01, real=0.01 secs] 
2016-10-02 13:09:15 Completed Dag: dag_1475401111718_0187_1
Heap
 PSYoungGen      total 122880K, used 25420K [0x00000000dde00000, 0x00000000e6b80000, 0x0000000100000000)
  eden space 103936K, 20% used [0x00000000dde00000,0x00000000df32ef40,0x00000000e4380000)
  from space 18944K, 19% used [0x00000000e5800000,0x00000000e5ba4328,0x00000000e6a80000)
  to   space 20480K, 0% used [0x00000000e4380000,0x00000000e4380000,0x00000000e5780000)
 ParOldGen       total 300032K, used 11378K [0x0000000099a00000, 0x00000000abf00000, 0x00000000dde00000)
  object space 300032K, 3% used [0x0000000099a00000,0x000000009a51c800,0x00000000abf00000)
 PSPermGen       total 87040K, used 39634K [0x000000008f400000, 0x0000000094900000, 0x0000000099a00000)
  object space 87040K, 45% used [0x000000008f400000,0x0000000091ab4940,0x0000000094900000)
