7.856: [GC [PSYoungGen: 113664K->13724K(132096K)] 113664K->13732K(432128K), 0.0146410 secs] [Times: user=0.01 sys=0.01, real=0.02 secs] 
9.646: [GC [PSYoungGen: 127388K->11641K(132096K)] 127396K->11657K(432128K), 0.0176810 secs] [Times: user=0.03 sys=0.01, real=0.02 secs] 
2016-10-01 06:44:44 Running Dag: dag_1475271333482_0063_1
17.501: [GC [PSYoungGen: 125305K->18428K(132096K)] 125321K->20031K(432128K), 0.0171510 secs] [Times: user=0.04 sys=0.00, real=0.02 secs] 
41.848: [GC [PSYoungGen: 132092K->16008K(132096K)] 133695K->17620K(432128K), 0.1237110 secs] [Times: user=0.06 sys=0.00, real=0.13 secs] 
2016-10-01 06:45:56 Completed Dag: dag_1475271333482_0063_1
92.502: [GC [PSYoungGen: 129672K->13641K(124928K)] 131284K->15260K(424960K), 0.0160880 secs] [Times: user=0.03 sys=0.00, real=0.02 secs] 
Heap
 PSYoungGen      total 124928K, used 22298K [0x00000000dde00000, 0x00000000e7180000, 0x0000000100000000)
  eden space 111104K, 7% used [0x00000000dde00000,0x00000000de674670,0x00000000e4a80000)
  from space 13824K, 98% used [0x00000000e4d00000,0x00000000e5a52510,0x00000000e5a80000)
  to   space 19968K, 0% used [0x00000000e5e00000,0x00000000e5e00000,0x00000000e7180000)
 ParOldGen       total 300032K, used 1619K [0x0000000099a00000, 0x00000000abf00000, 0x00000000dde00000)
  object space 300032K, 0% used [0x0000000099a00000,0x0000000099b94ee8,0x00000000abf00000)
 PSPermGen       total 87040K, used 40597K [0x000000008f400000, 0x0000000094900000, 0x0000000099a00000)
  object space 87040K, 46% used [0x000000008f400000,0x0000000091ba5698,0x0000000094900000)
