8.674: [GC [PSYoungGen: 113664K->12136K(132096K)] 113664K->12208K(432128K), 0.0112320 secs] [Times: user=0.01 sys=0.00, real=0.01 secs] 
10.786: [GC [PSYoungGen: 125800K->10011K(132096K)] 125872K->10091K(432128K), 0.0144770 secs] [Times: user=0.03 sys=0.00, real=0.01 secs] 
2016-10-01 07:28:16 Running Dag: dag_1475271333482_0087_1
16.920: [GC [PSYoungGen: 123675K->14844K(132096K)] 123755K->14932K(432128K), 0.0131980 secs] [Times: user=0.03 sys=0.00, real=0.02 secs] 
27.463: [GC [PSYoungGen: 128482K->18417K(132096K)] 128570K->19758K(432128K), 0.0422330 secs] [Times: user=0.05 sys=0.00, real=0.05 secs] 
2016-10-01 07:29:01 Completed Dag: dag_1475271333482_0087_1
Heap
 PSYoungGen      total 132096K, used 108618K [0x00000000dde00000, 0x00000000e7100000, 0x0000000100000000)
  eden space 113664K, 79% used [0x00000000dde00000,0x00000000e36165c0,0x00000000e4d00000)
  from space 18432K, 99% used [0x00000000e5f00000,0x00000000e70fc428,0x00000000e7100000)
  to   space 18432K, 0% used [0x00000000e4d00000,0x00000000e4d00000,0x00000000e5f00000)
 ParOldGen       total 300032K, used 1341K [0x0000000099a00000, 0x00000000abf00000, 0x00000000dde00000)
  object space 300032K, 0% used [0x0000000099a00000,0x0000000099b4f5a0,0x00000000abf00000)
 PSPermGen       total 87040K, used 40798K [0x000000008f400000, 0x0000000094900000, 0x0000000099a00000)
  object space 87040K, 46% used [0x000000008f400000,0x0000000091bd7810,0x0000000094900000)
