7.497: [GC [PSYoungGen: 113664K->12193K(132096K)] 113664K->12201K(432128K), 0.0106550 secs] [Times: user=0.02 sys=0.00, real=0.02 secs] 
9.318: [GC [PSYoungGen: 125857K->10183K(132096K)] 125865K->10263K(432128K), 0.0126470 secs] [Times: user=0.03 sys=0.01, real=0.01 secs] 
2016-10-01 10:25:49 Running Dag: dag_1475271333482_0155_1
15.963: [GC [PSYoungGen: 123566K->18427K(132096K)] 123646K->19627K(432128K), 0.0139230 secs] [Times: user=0.04 sys=0.00, real=0.01 secs] 
18.359: [GC [PSYoungGen: 132091K->17072K(132096K)] 133291K->18280K(432128K), 0.0166090 secs] [Times: user=0.04 sys=0.00, real=0.01 secs] 
44.730: [GC [PSYoungGen: 130736K->17090K(129536K)] 131944K->18306K(429568K), 0.0504300 secs] [Times: user=0.04 sys=0.00, real=0.05 secs] 
97.597: [GC [PSYoungGen: 128194K->15307K(125952K)] 129410K->16532K(425984K), 0.0133980 secs] [Times: user=0.04 sys=0.00, real=0.02 secs] 
155.082: [GC [PSYoungGen: 123851K->10846K(117248K)] 125076K->16514K(417280K), 0.0347560 secs] [Times: user=0.03 sys=0.00, real=0.03 secs] 
199.836: [GC [PSYoungGen: 116830K->3777K(124928K)] 122498K->16889K(424960K), 0.0395890 secs] [Times: user=0.03 sys=0.00, real=0.04 secs] 
256.030: [GC [PSYoungGen: 107713K->807K(102912K)] 120825K->16861K(402944K), 0.0061110 secs] [Times: user=0.01 sys=0.00, real=0.00 secs] 
307.921: [GC [PSYoungGen: 102695K->446K(122880K)] 118749K->17171K(422912K), 0.0043060 secs] [Times: user=0.00 sys=0.00, real=0.00 secs] 
353.382: [GC [PSYoungGen: 100286K->1000K(98816K)] 117011K->18028K(398848K), 0.0034930 secs] [Times: user=0.00 sys=0.00, real=0.00 secs] 
406.349: [GC [PSYoungGen: 98792K->141K(118784K)] 115820K->18085K(418816K), 0.0037730 secs] [Times: user=0.00 sys=0.00, real=0.00 secs] 
475.539: [GC [PSYoungGen: 95884K->224K(94208K)] 113828K->18261K(394240K), 0.0035330 secs] [Times: user=0.00 sys=0.00, real=0.00 secs] 
2016-10-01 10:35:02 Completed Dag: dag_1475271333482_0155_1
Heap
 PSYoungGen      total 94208K, used 60356K [0x00000000dde00000, 0x00000000e6a80000, 0x0000000100000000)
  eden space 93696K, 64% used [0x00000000dde00000,0x00000000e18b8ff0,0x00000000e3980000)
  from space 512K, 43% used [0x00000000e3b80000,0x00000000e3bb8060,0x00000000e3c00000)
  to   space 25088K, 0% used [0x00000000e5200000,0x00000000e5200000,0x00000000e6a80000)
 ParOldGen       total 300032K, used 18037K [0x0000000099a00000, 0x00000000abf00000, 0x00000000dde00000)
  object space 300032K, 6% used [0x0000000099a00000,0x000000009ab9d798,0x00000000abf00000)
 PSPermGen       total 87040K, used 39941K [0x000000008f400000, 0x0000000094900000, 0x0000000099a00000)
  object space 87040K, 45% used [0x000000008f400000,0x0000000091b017d8,0x0000000094900000)
