8.439: [GC [PSYoungGen: 113664K->13939K(132096K)] 113664K->13947K(432128K), 0.0409810 secs] [Times: user=0.04 sys=0.01, real=0.04 secs] 
10.573: [GC [PSYoungGen: 127603K->10774K(132096K)] 127611K->10854K(432128K), 0.0204170 secs] [Times: user=0.03 sys=0.00, real=0.02 secs] 
2016-10-01 08:28:06 Running Dag: dag_1475271333482_0113_1
18.301: [GC [PSYoungGen: 124438K->17150K(132096K)] 124518K->17238K(432128K), 0.0290870 secs] [Times: user=0.05 sys=0.01, real=0.03 secs] 
35.632: [GC [PSYoungGen: 130814K->16002K(132096K)] 130902K->16098K(432128K), 0.0522280 secs] [Times: user=0.05 sys=0.00, real=0.05 secs] 
63.045: [GC [PSYoungGen: 129666K->14354K(125952K)] 129762K->14458K(425984K), 0.0279960 secs] [Times: user=0.04 sys=0.00, real=0.02 secs] 
109.657: [GC [PSYoungGen: 125458K->14870K(123904K)] 125562K->14982K(423936K), 0.0287540 secs] [Times: user=0.03 sys=0.00, real=0.03 secs] 
179.673: [GC [PSYoungGen: 123414K->10067K(116224K)] 123526K->15031K(416256K), 0.0214910 secs] [Times: user=0.03 sys=0.00, real=0.02 secs] 
2016-10-01 08:33:42 Completed Dag: dag_1475271333482_0113_1
Heap
 PSYoungGen      total 116224K, used 98438K [0x00000000dde00000, 0x00000000e6980000, 0x0000000100000000)
  eden space 105984K, 83% used [0x00000000dde00000,0x00000000e344ced8,0x00000000e4580000)
  from space 10240K, 98% used [0x00000000e4880000,0x00000000e5254cd8,0x00000000e5280000)
  to   space 18432K, 0% used [0x00000000e5780000,0x00000000e5780000,0x00000000e6980000)
 ParOldGen       total 300032K, used 4964K [0x0000000099a00000, 0x00000000abf00000, 0x00000000dde00000)
  object space 300032K, 1% used [0x0000000099a00000,0x0000000099ed9278,0x00000000abf00000)
 PSPermGen       total 87040K, used 39629K [0x000000008f400000, 0x0000000094900000, 0x0000000099a00000)
  object space 87040K, 45% used [0x000000008f400000,0x0000000091ab3430,0x0000000094900000)
