7.347: [GC [PSYoungGen: 113664K->12189K(132096K)] 113664K->12197K(432128K), 0.0104950 secs] [Times: user=0.01 sys=0.01, real=0.01 secs] 
9.499: [GC [PSYoungGen: 125853K->10261K(132096K)] 125861K->10277K(432128K), 0.0132540 secs] [Times: user=0.03 sys=0.01, real=0.02 secs] 
2016-10-01 07:39:04 Running Dag: dag_1475271333482_0093_1
15.247: [GC [PSYoungGen: 123925K->15219K(132096K)] 123941K->15243K(432128K), 0.0198980 secs] [Times: user=0.04 sys=0.00, real=0.02 secs] 
26.335: [GC [PSYoungGen: 128823K->18420K(132096K)] 128847K->19348K(432128K), 0.0553010 secs] [Times: user=0.07 sys=0.00, real=0.05 secs] 
2016-10-01 07:39:49 Completed Dag: dag_1475271333482_0093_1
Heap
 PSYoungGen      total 132096K, used 106667K [0x00000000dde00000, 0x00000000e7100000, 0x0000000100000000)
  eden space 113664K, 77% used [0x00000000dde00000,0x00000000e342d8c0,0x00000000e4d00000)
  from space 18432K, 99% used [0x00000000e5f00000,0x00000000e70fd368,0x00000000e7100000)
  to   space 18432K, 0% used [0x00000000e4d00000,0x00000000e4d00000,0x00000000e5f00000)
 ParOldGen       total 300032K, used 927K [0x0000000099a00000, 0x00000000abf00000, 0x00000000dde00000)
  object space 300032K, 0% used [0x0000000099a00000,0x0000000099ae7ca8,0x00000000abf00000)
 PSPermGen       total 87040K, used 40807K [0x000000008f400000, 0x0000000094900000, 0x0000000099a00000)
  object space 87040K, 46% used [0x000000008f400000,0x0000000091bd9dc8,0x0000000094900000)
