8.182: [GC [PSYoungGen: 113664K->12166K(132096K)] 113664K->12238K(432128K), 0.0123030 secs] [Times: user=0.01 sys=0.01, real=0.01 secs] 
10.349: [GC [PSYoungGen: 125830K->10316K(132096K)] 125902K->10396K(432128K), 0.0110910 secs] [Times: user=0.03 sys=0.00, real=0.01 secs] 
2016-10-02 11:43:30 Running Dag: dag_1475401111718_0103_1
17.075: [GC [PSYoungGen: 123980K->16599K(132096K)] 124060K->16687K(432128K), 0.0144350 secs] [Times: user=0.04 sys=0.00, real=0.02 secs] 
36.708: [GC [PSYoungGen: 130263K->17990K(132096K)] 130351K->18086K(432128K), 0.0192390 secs] [Times: user=0.04 sys=0.00, real=0.01 secs] 
67.218: [GC [PSYoungGen: 131654K->13633K(124928K)] 131750K->13737K(424960K), 0.0396620 secs] [Times: user=0.04 sys=0.00, real=0.04 secs] 
2016-10-02 11:44:48 Completed Dag: dag_1475401111718_0103_1
Heap
 PSYoungGen      total 124928K, used 64647K [0x00000000dde00000, 0x00000000e7080000, 0x0000000100000000)
  eden space 111104K, 45% used [0x00000000dde00000,0x00000000e0fd1768,0x00000000e4a80000)
  from space 13824K, 98% used [0x00000000e4d00000,0x00000000e5a506b8,0x00000000e5a80000)
  to   space 19456K, 0% used [0x00000000e5d80000,0x00000000e5d80000,0x00000000e7080000)
 ParOldGen       total 300032K, used 104K [0x0000000099a00000, 0x00000000abf00000, 0x00000000dde00000)
  object space 300032K, 0% used [0x0000000099a00000,0x0000000099a1a010,0x00000000abf00000)
 PSPermGen       total 87040K, used 40593K [0x000000008f400000, 0x0000000094900000, 0x0000000099a00000)
  object space 87040K, 46% used [0x000000008f400000,0x0000000091ba46f0,0x0000000094900000)
