8.123: [GC [PSYoungGen: 113664K->12219K(132096K)] 113664K->12291K(432128K), 0.0154580 secs] [Times: user=0.03 sys=0.00, real=0.02 secs] 
10.325: [GC [PSYoungGen: 125883K->10095K(132096K)] 125955K->10175K(432128K), 0.0112730 secs] [Times: user=0.02 sys=0.00, real=0.01 secs] 
2016-10-02 13:28:51 Running Dag: dag_1475401111718_0191_1
16.382: [GC [PSYoungGen: 123374K->16729K(132096K)] 123454K->16817K(432128K), 0.0129460 secs] [Times: user=0.03 sys=0.01, real=0.01 secs] 
30.312: [GC [PSYoungGen: 130393K->18230K(132096K)] 130481K->18326K(432128K), 0.0782400 secs] [Times: user=0.05 sys=0.00, real=0.08 secs] 
56.328: [GC [PSYoungGen: 131894K->14364K(125952K)] 131990K->14468K(425984K), 0.0329380 secs] [Times: user=0.04 sys=0.00, real=0.03 secs] 
98.931: [GC [PSYoungGen: 125468K->14873K(124928K)] 125572K->14985K(424960K), 0.0264090 secs] [Times: user=0.03 sys=0.00, real=0.02 secs] 
149.277: [GC [PSYoungGen: 123417K->10857K(117248K)] 123529K->15357K(417280K), 0.0284530 secs] [Times: user=0.05 sys=0.00, real=0.03 secs] 
343.815: [GC [PSYoungGen: 116841K->3761K(123392K)] 121341K->15319K(423424K), 0.0124490 secs] [Times: user=0.02 sys=0.00, real=0.02 secs] 
2016-10-02 13:34:34 Completed Dag: dag_1475401111718_0191_1
Heap
 PSYoungGen      total 123392K, used 23937K [0x00000000dde00000, 0x00000000e6c80000, 0x0000000100000000)
  eden space 103936K, 19% used [0x00000000dde00000,0x00000000df1b4100,0x00000000e4380000)
  from space 19456K, 19% used [0x00000000e5880000,0x00000000e5c2c6a8,0x00000000e6b80000)
  to   space 20992K, 0% used [0x00000000e4380000,0x00000000e4380000,0x00000000e5800000)
 ParOldGen       total 300032K, used 11558K [0x0000000099a00000, 0x00000000abf00000, 0x00000000dde00000)
  object space 300032K, 3% used [0x0000000099a00000,0x000000009a549848,0x00000000abf00000)
 PSPermGen       total 87040K, used 39629K [0x000000008f400000, 0x0000000094900000, 0x0000000099a00000)
  object space 87040K, 45% used [0x000000008f400000,0x0000000091ab3510,0x0000000094900000)
