9.680: [GC [PSYoungGen: 113664K->13754K(132096K)] 113664K->13762K(432128K), 0.0242940 secs] [Times: user=0.02 sys=0.00, real=0.03 secs] 
11.957: [GC [PSYoungGen: 127418K->11371K(132096K)] 127426K->11451K(432128K), 0.0195240 secs] [Times: user=0.03 sys=0.00, real=0.02 secs] 
2016-10-02 10:18:37 Running Dag: dag_1475401111718_0017_1
19.955: [GC [PSYoungGen: 125035K->18400K(132096K)] 125115K->19612K(432128K), 0.0142680 secs] [Times: user=0.05 sys=0.00, real=0.01 secs] 
42.983: [GC [PSYoungGen: 132064K->17244K(132096K)] 133276K->18464K(432128K), 0.0255480 secs] [Times: user=0.05 sys=0.00, real=0.02 secs] 
2016-10-02 10:19:23 Completed Dag: dag_1475401111718_0017_1
Heap
 PSYoungGen      total 132096K, used 67679K [0x00000000dde00000, 0x00000000e7100000, 0x0000000100000000)
  eden space 113664K, 44% used [0x00000000dde00000,0x00000000e0f40b18,0x00000000e4d00000)
  from space 18432K, 93% used [0x00000000e5f00000,0x00000000e6fd73a0,0x00000000e7100000)
  to   space 18432K, 0% used [0x00000000e4d00000,0x00000000e4d00000,0x00000000e5f00000)
 ParOldGen       total 300032K, used 1219K [0x0000000099a00000, 0x00000000abf00000, 0x00000000dde00000)
  object space 300032K, 0% used [0x0000000099a00000,0x0000000099b30fa8,0x00000000abf00000)
 PSPermGen       total 87040K, used 40825K [0x000000008f400000, 0x0000000094900000, 0x0000000099a00000)
  object space 87040K, 46% used [0x000000008f400000,0x0000000091bde760,0x0000000094900000)
