8.720: [GC [PSYoungGen: 113664K->12159K(132096K)] 113664K->12231K(432128K), 0.0132470 secs] [Times: user=0.02 sys=0.00, real=0.01 secs] 
10.521: [GC [PSYoungGen: 125823K->10101K(132096K)] 125895K->10181K(432128K), 0.0196990 secs] [Times: user=0.02 sys=0.00, real=0.02 secs] 
2016-10-02 13:41:27 Running Dag: dag_1475401111718_0193_1
16.771: [GC [PSYoungGen: 123682K->16675K(132096K)] 123762K->16756K(432128K), 0.0133220 secs] [Times: user=0.02 sys=0.00, real=0.01 secs] 
28.788: [GC [PSYoungGen: 130339K->18229K(132096K)] 130420K->18317K(432128K), 0.0409060 secs] [Times: user=0.03 sys=0.00, real=0.04 secs] 
65.628: [GC [PSYoungGen: 131893K->14510K(125952K)] 131981K->14606K(425984K), 0.0666720 secs] [Times: user=0.05 sys=0.00, real=0.07 secs] 
104.453: [GC [PSYoungGen: 125614K->14482K(123904K)] 125710K->14586K(423936K), 0.0233070 secs] [Times: user=0.04 sys=0.00, real=0.02 secs] 
154.903: [GC [PSYoungGen: 123026K->10250K(116736K)] 123130K->14751K(416768K), 0.0176940 secs] [Times: user=0.03 sys=0.01, real=0.02 secs] 
2016-10-02 13:46:49 Completed Dag: dag_1475401111718_0193_1
Heap
 PSYoungGen      total 116736K, used 103884K [0x00000000dde00000, 0x00000000e6b80000, 0x0000000100000000)
  eden space 105984K, 88% used [0x00000000dde00000,0x00000000e3970810,0x00000000e4580000)
  from space 10752K, 95% used [0x00000000e4800000,0x00000000e52028b8,0x00000000e5280000)
  to   space 19456K, 0% used [0x00000000e5880000,0x00000000e5880000,0x00000000e6b80000)
 ParOldGen       total 300032K, used 4501K [0x0000000099a00000, 0x00000000abf00000, 0x00000000dde00000)
  object space 300032K, 1% used [0x0000000099a00000,0x0000000099e65630,0x00000000abf00000)
 PSPermGen       total 87040K, used 39622K [0x000000008f400000, 0x0000000094900000, 0x0000000099a00000)
  object space 87040K, 45% used [0x000000008f400000,0x0000000091ab1840,0x0000000094900000)
