8.438: [GC [PSYoungGen: 113664K->12154K(132096K)] 113664K->12226K(432128K), 0.0118140 secs] [Times: user=0.02 sys=0.00, real=0.02 secs] 
10.703: [GC [PSYoungGen: 125818K->10169K(132096K)] 125890K->10249K(432128K), 0.0133600 secs] [Times: user=0.04 sys=0.00, real=0.01 secs] 
2016-10-02 11:47:31 Running Dag: dag_1475401111718_0105_1
17.270: [GC [PSYoungGen: 123833K->16387K(132096K)] 123913K->16475K(432128K), 0.0161770 secs] [Times: user=0.03 sys=0.01, real=0.01 secs] 
35.491: [GC [PSYoungGen: 130051K->18184K(132096K)] 130139K->18280K(432128K), 0.0145280 secs] [Times: user=0.04 sys=0.02, real=0.01 secs] 
65.393: [GC [PSYoungGen: 131848K->13970K(125440K)] 131944K->14074K(425472K), 0.0539840 secs] [Times: user=0.04 sys=0.00, real=0.05 secs] 
2016-10-02 11:48:45 Completed Dag: dag_1475401111718_0105_1
Heap
 PSYoungGen      total 125440K, used 64144K [0x00000000dde00000, 0x00000000e7080000, 0x0000000100000000)
  eden space 111104K, 45% used [0x00000000dde00000,0x00000000e0eff820,0x00000000e4a80000)
  from space 14336K, 97% used [0x00000000e4d00000,0x00000000e5aa4a98,0x00000000e5b00000)
  to   space 19456K, 0% used [0x00000000e5d80000,0x00000000e5d80000,0x00000000e7080000)
 ParOldGen       total 300032K, used 104K [0x0000000099a00000, 0x00000000abf00000, 0x00000000dde00000)
  object space 300032K, 0% used [0x0000000099a00000,0x0000000099a1a010,0x00000000abf00000)
 PSPermGen       total 87040K, used 40594K [0x000000008f400000, 0x0000000094900000, 0x0000000099a00000)
  object space 87040K, 46% used [0x000000008f400000,0x0000000091ba4858,0x0000000094900000)
