6.578: [GC [PSYoungGen: 113664K->12214K(132096K)] 113664K->12286K(432128K), 0.0101960 secs] [Times: user=0.02 sys=0.00, real=0.01 secs] 
8.255: [GC [PSYoungGen: 125878K->10206K(132096K)] 125950K->10287K(432128K), 0.0119040 secs] [Times: user=0.03 sys=0.02, real=0.02 secs] 
2016-10-01 09:46:21 Running Dag: dag_1475271333482_0141_1
14.353: [GC [PSYoungGen: 122214K->17419K(132096K)] 122294K->17507K(432128K), 0.0220830 secs] [Times: user=0.03 sys=0.00, real=0.02 secs] 
16.805: [GC [PSYoungGen: 131083K->18412K(132096K)] 131171K->18703K(432128K), 0.0168940 secs] [Times: user=0.05 sys=0.00, real=0.01 secs] 
48.144: [GC [PSYoungGen: 132076K->17044K(129536K)] 132367K->17342K(429568K), 0.0164590 secs] [Times: user=0.04 sys=0.00, real=0.02 secs] 
93.878: [GC [PSYoungGen: 128148K->15982K(126976K)] 128446K->16288K(427008K), 0.0208770 secs] [Times: user=0.04 sys=0.01, real=0.02 secs] 
136.581: [GC [PSYoungGen: 124495K->12006K(118272K)] 124802K->16724K(418304K), 0.0370660 secs] [Times: user=0.05 sys=0.01, real=0.04 secs] 
176.505: [GC [PSYoungGen: 117990K->5017K(125440K)] 122708K->17059K(425472K), 0.0087710 secs] [Times: user=0.01 sys=0.01, real=0.00 secs] 
215.805: [GC [PSYoungGen: 108953K->1822K(103936K)] 120995K->17530K(403968K), 0.0087110 secs] [Times: user=0.01 sys=0.00, real=0.00 secs] 
257.623: [GC [PSYoungGen: 103710K->1103K(123392K)] 119418K->17911K(423424K), 0.0048350 secs] [Times: user=0.01 sys=0.00, real=0.01 secs] 
306.697: [GC [PSYoungGen: 100943K->224K(98304K)] 117751K->17983K(398336K), 0.0028370 secs] [Times: user=0.00 sys=0.00, real=0.00 secs] 
355.625: [GC [PSYoungGen: 98016K->288K(118784K)] 115775K->18127K(418816K), 0.0044010 secs] [Times: user=0.00 sys=0.00, real=0.00 secs] 
2016-10-01 09:52:53 Completed Dag: dag_1475271333482_0141_1
Heap
 PSYoungGen      total 118784K, used 87244K [0x00000000dde00000, 0x00000000e6c80000, 0x0000000100000000)
  eden space 95744K, 90% used [0x00000000dde00000,0x00000000e32eb380,0x00000000e3b80000)
  from space 23040K, 1% used [0x00000000e5600000,0x00000000e5648060,0x00000000e6c80000)
  to   space 25088K, 0% used [0x00000000e3b80000,0x00000000e3b80000,0x00000000e5400000)
 ParOldGen       total 300032K, used 17839K [0x0000000099a00000, 0x00000000abf00000, 0x00000000dde00000)
  object space 300032K, 5% used [0x0000000099a00000,0x000000009ab6bd00,0x00000000abf00000)
 PSPermGen       total 87040K, used 40206K [0x000000008f400000, 0x0000000094900000, 0x0000000099a00000)
  object space 87040K, 46% used [0x000000008f400000,0x0000000091b43a50,0x0000000094900000)
