7.941: [GC [PSYoungGen: 113664K->12448K(132096K)] 113664K->12520K(432128K), 0.0208190 secs] [Times: user=0.01 sys=0.01, real=0.02 secs] 
9.578: [GC [PSYoungGen: 126112K->9806K(132096K)] 126184K->9886K(432128K), 0.0116060 secs] [Times: user=0.03 sys=0.00, real=0.01 secs] 
2016-10-01 08:08:53 Running Dag: dag_1475271333482_0106_1
15.508: [GC [PSYoungGen: 121425K->15795K(132096K)] 121505K->15883K(432128K), 0.0126020 secs] [Times: user=0.03 sys=0.01, real=0.01 secs] 
25.540: [GC [PSYoungGen: 129459K->17973K(132096K)] 129547K->18069K(432128K), 0.0272330 secs] [Times: user=0.03 sys=0.00, real=0.03 secs] 
51.022: [GC [PSYoungGen: 131637K->14426K(125952K)] 131733K->14530K(425984K), 0.0129970 secs] [Times: user=0.03 sys=0.00, real=0.02 secs] 
93.371: [GC [PSYoungGen: 125530K->14682K(124416K)] 125634K->14794K(424448K), 0.0255800 secs] [Times: user=0.04 sys=0.00, real=0.02 secs] 
142.750: [GC [PSYoungGen: 123226K->10743K(116736K)] 123338K->15214K(416768K), 0.0199420 secs] [Times: user=0.04 sys=0.00, real=0.02 secs] 
313.587: [GC [PSYoungGen: 116727K->3919K(122880K)] 121198K->15232K(422912K), 0.0098560 secs] [Times: user=0.02 sys=0.00, real=0.01 secs] 
2016-10-01 08:14:45 Completed Dag: dag_1475271333482_0106_1
Heap
 PSYoungGen      total 122880K, used 36357K [0x00000000dde00000, 0x00000000e6b80000, 0x0000000100000000)
  eden space 103936K, 31% used [0x00000000dde00000,0x00000000dfdad5b0,0x00000000e4380000)
  from space 18944K, 20% used [0x00000000e5800000,0x00000000e5bd3f78,0x00000000e6a80000)
  to   space 20480K, 0% used [0x00000000e4380000,0x00000000e4380000,0x00000000e5780000)
 ParOldGen       total 300032K, used 11313K [0x0000000099a00000, 0x00000000abf00000, 0x00000000dde00000)
  object space 300032K, 3% used [0x0000000099a00000,0x000000009a50c420,0x00000000abf00000)
 PSPermGen       total 87040K, used 39626K [0x000000008f400000, 0x0000000094900000, 0x0000000099a00000)
  object space 87040K, 45% used [0x000000008f400000,0x0000000091ab2bc0,0x0000000094900000)
