9.225: [GC [PSYoungGen: 113664K->12236K(132096K)] 113664K->12244K(432128K), 0.0138720 secs] [Times: user=0.00 sys=0.02, real=0.01 secs] 
11.534: [GC [PSYoungGen: 125900K->10177K(132096K)] 125908K->10257K(432128K), 0.0111610 secs] [Times: user=0.03 sys=0.00, real=0.02 secs] 
2016-10-02 11:41:39 Running Dag: dag_1475401111718_0102_1
18.338: [GC [PSYoungGen: 123841K->16477K(132096K)] 123921K->16565K(432128K), 0.0161770 secs] [Times: user=0.03 sys=0.00, real=0.01 secs] 
36.713: [GC [PSYoungGen: 130141K->17929K(132096K)] 130229K->18025K(432128K), 0.0148050 secs] [Times: user=0.04 sys=0.00, real=0.02 secs] 
68.141: [GC [PSYoungGen: 131593K->14343K(125952K)] 131689K->14447K(425984K), 0.0144590 secs] [Times: user=0.04 sys=0.00, real=0.02 secs] 
2016-10-02 11:42:41 Completed Dag: dag_1475401111718_0102_1
Heap
 PSYoungGen      total 125952K, used 50417K [0x00000000dde00000, 0x00000000e7080000, 0x0000000100000000)
  eden space 111104K, 32% used [0x00000000dde00000,0x00000000e013a778,0x00000000e4a80000)
  from space 14848K, 96% used [0x00000000e4d00000,0x00000000e5b01f10,0x00000000e5b80000)
  to   space 19456K, 0% used [0x00000000e5d80000,0x00000000e5d80000,0x00000000e7080000)
 ParOldGen       total 300032K, used 104K [0x0000000099a00000, 0x00000000abf00000, 0x00000000dde00000)
  object space 300032K, 0% used [0x0000000099a00000,0x0000000099a1a010,0x00000000abf00000)
 PSPermGen       total 87040K, used 40654K [0x000000008f400000, 0x0000000094900000, 0x0000000099a00000)
  object space 87040K, 46% used [0x000000008f400000,0x0000000091bb3b48,0x0000000094900000)
