8.847: [GC [PSYoungGen: 113664K->13632K(132096K)] 113664K->13704K(432128K), 0.0239320 secs] [Times: user=0.03 sys=0.02, real=0.02 secs] 
12.018: [GC [PSYoungGen: 127296K->11352K(132096K)] 127368K->11432K(432128K), 0.0137710 secs] [Times: user=0.04 sys=0.00, real=0.02 secs] 
2016-10-01 11:33:01 Running Dag: dag_1475271333482_0182_1
18.489: [GC [PSYoungGen: 124650K->18425K(132096K)] 126490K->21621K(432128K), 0.0134780 secs] [Times: user=0.02 sys=0.01, real=0.02 secs] 
25.157: [GC [PSYoungGen: 132089K->18404K(132096K)] 135287K->22579K(432128K), 0.0177730 secs] [Times: user=0.05 sys=0.00, real=0.02 secs] 
61.882: [GC [PSYoungGen: 132068K->16081K(129536K)] 136243K->20264K(429568K), 0.0538080 secs] [Times: user=0.04 sys=0.00, real=0.05 secs] 
118.933: [GC [PSYoungGen: 127185K->15601K(125952K)] 131368K->19792K(425984K), 0.0119360 secs] [Times: user=0.03 sys=0.00, real=0.01 secs] 
172.348: [GC [PSYoungGen: 124145K->10470K(116736K)] 128336K->19687K(416768K), 0.0502770 secs] [Times: user=0.04 sys=0.00, real=0.05 secs] 
220.456: [GC [PSYoungGen: 116454K->3136K(125440K)] 125671K->20224K(425472K), 0.0133260 secs] [Times: user=0.02 sys=0.00, real=0.01 secs] 
275.749: [GC [PSYoungGen: 107070K->1140K(103424K)] 124158K->20296K(403456K), 0.0046940 secs] [Times: user=0.00 sys=0.01, real=0.01 secs] 
321.441: [GC [PSYoungGen: 103028K->1058K(123392K)] 122184K->21031K(423424K), 0.0038300 secs] [Times: user=0.01 sys=0.00, real=0.00 secs] 
373.085: [GC [PSYoungGen: 100898K->223K(98304K)] 120871K->21151K(398336K), 0.0037030 secs] [Times: user=0.01 sys=0.00, real=0.00 secs] 
426.515: [GC [PSYoungGen: 98015K->160K(120320K)] 118943K->21275K(420352K), 0.0028760 secs] [Times: user=0.01 sys=0.00, real=0.00 secs] 
536.944: [GC [PSYoungGen: 95904K->320K(94208K)] 117019K->21459K(394240K), 0.0026190 secs] [Times: user=0.00 sys=0.00, real=0.00 secs] 
2016-10-01 11:42:04 Completed Dag: dag_1475271333482_0182_1
Heap
 PSYoungGen      total 94208K, used 23414K [0x00000000dde00000, 0x00000000e6b80000, 0x0000000100000000)
  eden space 93696K, 24% used [0x00000000dde00000,0x00000000df48daa0,0x00000000e3980000)
  from space 512K, 62% used [0x00000000e3b80000,0x00000000e3bd0060,0x00000000e3c00000)
  to   space 25600K, 0% used [0x00000000e5280000,0x00000000e5280000,0x00000000e6b80000)
 ParOldGen       total 300032K, used 21139K [0x0000000099a00000, 0x00000000abf00000, 0x00000000dde00000)
  object space 300032K, 7% used [0x0000000099a00000,0x000000009aea4ee0,0x00000000abf00000)
 PSPermGen       total 87040K, used 39943K [0x000000008f400000, 0x0000000094900000, 0x0000000099a00000)
  object space 87040K, 45% used [0x000000008f400000,0x0000000091b01d30,0x0000000094900000)
