9.349: [GC [PSYoungGen: 113664K->13724K(132096K)] 113664K->13796K(432128K), 0.0130450 secs] [Times: user=0.01 sys=0.01, real=0.01 secs] 
11.352: [GC [PSYoungGen: 127388K->11520K(132096K)] 127460K->11600K(432128K), 0.0194760 secs] [Times: user=0.04 sys=0.00, real=0.02 secs] 
2016-10-02 11:33:43 Running Dag: dag_1475401111718_0098_1
19.838: [GC [PSYoungGen: 125184K->18410K(132096K)] 125264K->20154K(432128K), 0.0168720 secs] [Times: user=0.05 sys=0.00, real=0.02 secs] 
47.007: [GC [PSYoungGen: 132049K->15921K(132096K)] 133793K->17674K(432128K), 0.0133550 secs] [Times: user=0.04 sys=0.00, real=0.01 secs] 
2016-10-02 11:34:43 Completed Dag: dag_1475401111718_0098_1
Heap
 PSYoungGen      total 132096K, used 115313K [0x00000000dde00000, 0x00000000e7100000, 0x0000000100000000)
  eden space 113664K, 87% used [0x00000000dde00000,0x00000000e3f0fed0,0x00000000e4d00000)
  from space 18432K, 86% used [0x00000000e5f00000,0x00000000e6e8c778,0x00000000e7100000)
  to   space 18432K, 0% used [0x00000000e4d00000,0x00000000e4d00000,0x00000000e5f00000)
 ParOldGen       total 300032K, used 1752K [0x0000000099a00000, 0x00000000abf00000, 0x00000000dde00000)
  object space 300032K, 0% used [0x0000000099a00000,0x0000000099bb6160,0x00000000abf00000)
 PSPermGen       total 87040K, used 40664K [0x000000008f400000, 0x0000000094900000, 0x0000000099a00000)
  object space 87040K, 46% used [0x000000008f400000,0x0000000091bb62c8,0x0000000094900000)
