9.233: [GC [PSYoungGen: 113664K->13760K(132096K)] 113664K->13768K(432128K), 0.0129250 secs] [Times: user=0.01 sys=0.01, real=0.01 secs] 
10.827: [GC [PSYoungGen: 127424K->11043K(132096K)] 127432K->11123K(432128K), 0.0129490 secs] [Times: user=0.02 sys=0.00, real=0.02 secs] 
2016-10-02 11:35:33 Running Dag: dag_1475401111718_0099_1
18.575: [GC [PSYoungGen: 124707K->18425K(132096K)] 124787K->19799K(432128K), 0.0165560 secs] [Times: user=0.04 sys=0.00, real=0.02 secs] 
45.529: [GC [PSYoungGen: 132089K->16205K(132096K)] 133463K->17588K(432128K), 0.0330710 secs] [Times: user=0.04 sys=0.01, real=0.04 secs] 
85.250: [GC [PSYoungGen: 129869K->13625K(124928K)] 131252K->15016K(424960K), 0.0257290 secs] [Times: user=0.03 sys=0.00, real=0.02 secs] 
2016-10-02 11:36:47 Completed Dag: dag_1475401111718_0099_1
Heap
 PSYoungGen      total 124928K, used 29281K [0x00000000dde00000, 0x00000000e7180000, 0x0000000100000000)
  eden space 111104K, 14% used [0x00000000dde00000,0x00000000ded49fb8,0x00000000e4a80000)
  from space 13824K, 98% used [0x00000000e4d00000,0x00000000e5a4e7d8,0x00000000e5a80000)
  to   space 19968K, 0% used [0x00000000e5e00000,0x00000000e5e00000,0x00000000e7180000)
 ParOldGen       total 300032K, used 1390K [0x0000000099a00000, 0x00000000abf00000, 0x00000000dde00000)
  object space 300032K, 0% used [0x0000000099a00000,0x0000000099b5ba10,0x00000000abf00000)
 PSPermGen       total 87040K, used 40600K [0x000000008f400000, 0x0000000094900000, 0x0000000099a00000)
  object space 87040K, 46% used [0x000000008f400000,0x0000000091ba62e8,0x0000000094900000)
